Archive member included to satisfy reference by file (symbol)

c:/st/stm32cubeide_1.4.2/stm32cubeide/plugins/com.st.stm32cube.ide.mcu.externaltools.gnu-tools-for-stm32.7-2018-q2-update.win32_1.4.0.202007081208/tools/bin/../lib/gcc/arm-none-eabi/7.3.1/../../../../arm-none-eabi/lib/thumb/v7e-m/fpv4-sp/hard\libc_nano.a(lib_a-errno.o)
                              Core/Src/syscalls.o (__errno)
c:/st/stm32cubeide_1.4.2/stm32cubeide/plugins/com.st.stm32cube.ide.mcu.externaltools.gnu-tools-for-stm32.7-2018-q2-update.win32_1.4.0.202007081208/tools/bin/../lib/gcc/arm-none-eabi/7.3.1/../../../../arm-none-eabi/lib/thumb/v7e-m/fpv4-sp/hard\libc_nano.a(lib_a-exit.o)
                              c:/st/stm32cubeide_1.4.2/stm32cubeide/plugins/com.st.stm32cube.ide.mcu.externaltools.gnu-tools-for-stm32.7-2018-q2-update.win32_1.4.0.202007081208/tools/bin/../lib/gcc/arm-none-eabi/7.3.1/../../../../arm-none-eabi/lib/thumb/v7e-m/fpv4-sp/hard/crt0.o (exit)
c:/st/stm32cubeide_1.4.2/stm32cubeide/plugins/com.st.stm32cube.ide.mcu.externaltools.gnu-tools-for-stm32.7-2018-q2-update.win32_1.4.0.202007081208/tools/bin/../lib/gcc/arm-none-eabi/7.3.1/../../../../arm-none-eabi/lib/thumb/v7e-m/fpv4-sp/hard\libc_nano.a(lib_a-impure.o)
                              c:/st/stm32cubeide_1.4.2/stm32cubeide/plugins/com.st.stm32cube.ide.mcu.externaltools.gnu-tools-for-stm32.7-2018-q2-update.win32_1.4.0.202007081208/tools/bin/../lib/gcc/arm-none-eabi/7.3.1/../../../../arm-none-eabi/lib/thumb/v7e-m/fpv4-sp/hard\libc_nano.a(lib_a-exit.o) (_global_impure_ptr)
c:/st/stm32cubeide_1.4.2/stm32cubeide/plugins/com.st.stm32cube.ide.mcu.externaltools.gnu-tools-for-stm32.7-2018-q2-update.win32_1.4.0.202007081208/tools/bin/../lib/gcc/arm-none-eabi/7.3.1/../../../../arm-none-eabi/lib/thumb/v7e-m/fpv4-sp/hard\libc_nano.a(lib_a-init.o)
                              c:/st/stm32cubeide_1.4.2/stm32cubeide/plugins/com.st.stm32cube.ide.mcu.externaltools.gnu-tools-for-stm32.7-2018-q2-update.win32_1.4.0.202007081208/tools/bin/../lib/gcc/arm-none-eabi/7.3.1/../../../../arm-none-eabi/lib/thumb/v7e-m/fpv4-sp/hard/crt0.o (__libc_init_array)
c:/st/stm32cubeide_1.4.2/stm32cubeide/plugins/com.st.stm32cube.ide.mcu.externaltools.gnu-tools-for-stm32.7-2018-q2-update.win32_1.4.0.202007081208/tools/bin/../lib/gcc/arm-none-eabi/7.3.1/../../../../arm-none-eabi/lib/thumb/v7e-m/fpv4-sp/hard\libc_nano.a(lib_a-memcpy-stub.o)
                              Drivers/BSP/B-L475E-IOT01/vl53l0x_proximity.o (memcpy)
c:/st/stm32cubeide_1.4.2/stm32cubeide/plugins/com.st.stm32cube.ide.mcu.externaltools.gnu-tools-for-stm32.7-2018-q2-update.win32_1.4.0.202007081208/tools/bin/../lib/gcc/arm-none-eabi/7.3.1/../../../../arm-none-eabi/lib/thumb/v7e-m/fpv4-sp/hard\libc_nano.a(lib_a-memset.o)
                              c:/st/stm32cubeide_1.4.2/stm32cubeide/plugins/com.st.stm32cube.ide.mcu.externaltools.gnu-tools-for-stm32.7-2018-q2-update.win32_1.4.0.202007081208/tools/bin/../lib/gcc/arm-none-eabi/7.3.1/../../../../arm-none-eabi/lib/thumb/v7e-m/fpv4-sp/hard/crt0.o (memset)
c:/st/stm32cubeide_1.4.2/stm32cubeide/plugins/com.st.stm32cube.ide.mcu.externaltools.gnu-tools-for-stm32.7-2018-q2-update.win32_1.4.0.202007081208/tools/bin/../lib/gcc/arm-none-eabi/7.3.1/../../../../arm-none-eabi/lib/thumb/v7e-m/fpv4-sp/hard\libc_nano.a(lib_a-puts.o)
                              Drivers/BSP/B-L475E-IOT01/vl53l0x_proximity.o (puts)
c:/st/stm32cubeide_1.4.2/stm32cubeide/plugins/com.st.stm32cube.ide.mcu.externaltools.gnu-tools-for-stm32.7-2018-q2-update.win32_1.4.0.202007081208/tools/bin/../lib/gcc/arm-none-eabi/7.3.1/../../../../arm-none-eabi/lib/thumb/v7e-m/fpv4-sp/hard\libc_nano.a(lib_a-snprintf.o)
                              Core/Src/main.o (snprintf)
c:/st/stm32cubeide_1.4.2/stm32cubeide/plugins/com.st.stm32cube.ide.mcu.externaltools.gnu-tools-for-stm32.7-2018-q2-update.win32_1.4.0.202007081208/tools/bin/../lib/gcc/arm-none-eabi/7.3.1/../../../../arm-none-eabi/lib/thumb/v7e-m/fpv4-sp/hard\libc_nano.a(lib_a-strcpy.o)
                              Drivers/BSP/Components/vl53l0x/vl53l0x_api_core.o (strcpy)
c:/st/stm32cubeide_1.4.2/stm32cubeide/plugins/com.st.stm32cube.ide.mcu.externaltools.gnu-tools-for-stm32.7-2018-q2-update.win32_1.4.0.202007081208/tools/bin/../lib/gcc/arm-none-eabi/7.3.1/../../../../arm-none-eabi/lib/thumb/v7e-m/fpv4-sp/hard\libc_nano.a(lib_a-wbuf.o)
                              c:/st/stm32cubeide_1.4.2/stm32cubeide/plugins/com.st.stm32cube.ide.mcu.externaltools.gnu-tools-for-stm32.7-2018-q2-update.win32_1.4.0.202007081208/tools/bin/../lib/gcc/arm-none-eabi/7.3.1/../../../../arm-none-eabi/lib/thumb/v7e-m/fpv4-sp/hard\libc_nano.a(lib_a-puts.o) (__swbuf_r)
c:/st/stm32cubeide_1.4.2/stm32cubeide/plugins/com.st.stm32cube.ide.mcu.externaltools.gnu-tools-for-stm32.7-2018-q2-update.win32_1.4.0.202007081208/tools/bin/../lib/gcc/arm-none-eabi/7.3.1/../../../../arm-none-eabi/lib/thumb/v7e-m/fpv4-sp/hard\libc_nano.a(lib_a-wsetup.o)
[...]
Memory Configuration

Name             Origin             Length             Attributes
RAM              0x0000000020000000 0x0000000000018000 xrw
RAM2             0x0000000010000000 0x0000000000008000 xrw
FLASH            0x0000000008000000 0x0000000000100000 xr
*default*        0x0000000000000000 0xffffffffffffffff

Linker script and memory map

LOAD c:/st/stm32cubeide_1.4.2/stm32cubeide/plugins/com.st.stm32cube.ide.mcu.externaltools.gnu-tools-for-stm32.7-2018-q2-update.win32_1.4.0.202007081208/tools/bin/../lib/gcc/arm-none-eabi/7.3.1/thumb/v7e-m/fpv4-sp/hard/crti.o
LOAD c:/st/stm32cubeide_1.4.2/stm32cubeide/plugins/com.st.stm32cube.ide.mcu.externaltools.gnu-tools-for-stm32.7-2018-q2-update.win32_1.4.0.202007081208/tools/bin/../lib/gcc/arm-none-eabi/7.3.1/thumb/v7e-m/fpv4-sp/hard/crtbegin.o
LOAD c:/st/stm32cubeide_1.4.2/stm32cubeide/plugins/com.st.stm32cube.ide.mcu.externaltools.gnu-tools-for-stm32.7-2018-q2-update.win32_1.4.0.202007081208/tools/bin/../lib/gcc/arm-none-eabi/7.3.1/../../../../arm-none-eabi/lib/thumb/v7e-m/fpv4-sp/hard/crt0.o
LOAD Core/Src/main.o
LOAD Core/Src/stm32l4xx_hal_msp.o
LOAD Core/Src/stm32l4xx_it.o
LOAD Core/Src/syscalls.o
LOAD Core/Src/sysmem.o
LOAD Core/Src/system_stm32l4xx.o
LOAD Core/Startup/startup_stm32l475vgtx.o
LOAD Drivers/BSP/B-L475E-IOT01/stm32l475e_iot01.o
LOAD Drivers/BSP/B-L475E-IOT01/stm32l475e_iot01_magneto.o
LOAD Drivers/BSP/B-L475E-IOT01/stm32l475e_iot01_tsensor.o
LOAD Drivers/BSP/B-L475E-IOT01/vl53l0x_proximity.o
LOAD Drivers/BSP/Components/hts221/hts221.o
LOAD Drivers/BSP/Components/lis3mdl/lis3mdl.o
LOAD Drivers/BSP/Components/vl53l0x/vl53l0x_api.o
LOAD Drivers/BSP/Components/vl53l0x/vl53l0x_api_calibration.o
LOAD Drivers/BSP/Components/vl53l0x/vl53l0x_api_core.o
LOAD Drivers/BSP/Components/vl53l0x/vl53l0x_api_ranging.o
LOAD Drivers/BSP/Components/vl53l0x/vl53l0x_api_strings.o
LOAD Drivers/BSP/Components/vl53l0x/vl53l0x_platform_log.o
LOAD Drivers/BSP/Components/vl53l0x/vl53l0x_tof.o
LOAD Drivers/STM32L4xx_HAL_Driver/Src/stm32l4xx_hal.o
LOAD Drivers/STM32L4xx_HAL_Driver/Src/stm32l4xx_hal_cortex.o
LOAD Drivers/STM32L4xx_HAL_Driver/Src/stm32l4xx_hal_dma.o
LOAD Drivers/STM32L4xx_HAL_Driver/Src/stm32l4xx_hal_dma_ex.o
LOAD Drivers/STM32L4xx_HAL_Driver/Src/stm32l4xx_hal_exti.o
LOAD Drivers/STM32L4xx_HAL_Driver/Src/stm32l4xx_hal_flash.o
LOAD Drivers/STM32L4xx_HAL_Driver/Src/stm32l4xx_hal_flash_ex.o
LOAD Drivers/STM32L4xx_HAL_Driver/Src/stm32l4xx_hal_flash_ramfunc.o
LOAD Drivers/STM32L4xx_HAL_Driver/Src/stm32l4xx_hal_gpio.o
LOAD Drivers/STM32L4xx_HAL_Driver/Src/stm32l4xx_hal_i2c.o
LOAD Drivers/STM32L4xx_HAL_Driver/Src/stm32l4xx_hal_i2c_ex.o
LOAD Drivers/STM32L4xx_HAL_Driver/Src/stm32l4xx_hal_pwr.o
LOAD Drivers/STM32L4xx_HAL_Driver/Src/stm32l4xx_hal_pwr_ex.o
LOAD Drivers/STM32L4xx_HAL_Driver/Src/stm32l4xx_hal_rcc.o
LOAD Drivers/STM32L4xx_HAL_Driver/Src/stm32l4xx_hal_rcc_ex.o
LOAD Drivers/STM32L4xx_HAL_Driver/Src/stm32l4xx_hal_tim.o
LOAD Drivers/STM32L4xx_HAL_Driver/Src/stm32l4xx_hal_tim_ex.o
LOAD Drivers/STM32L4xx_HAL_Driver/Src/stm32l4xx_hal_uart.o
LOAD Drivers/STM32L4xx_HAL_Driver/Src/stm32l4xx_hal_uart_ex.o
START GROUP
LOAD c:/st/stm32cubeide_1.4.2/stm32cubeide/plugins/com.st.stm32cube.ide.mcu.externaltools.gnu-tools-for-stm32.7-2018-q2-update.win32_1.4.0.202007081208/tools/bin/../lib/gcc/arm-none-eabi/7.3.1/../../../../arm-none-eabi/lib/thumb/v7e-m/fpv4-sp/hard\libc_nano.a
LOAD c:/st/stm32cubeide_1.4.2/stm32cubeide/plugins/com.st.stm32cube.ide.mcu.externaltools.gnu-tools-for-stm32.7-2018-q2-update.win32_1.4.0.202007081208/tools/bin/../lib/gcc/arm-none-eabi/7.3.1/../../../../arm-none-eabi/lib/thumb/v7e-m/fpv4-sp/hard\libm.a
END GROUP
START GROUP
LOAD c:/st/stm32cubeide_1.4.2/stm32cubeide/plugins/com.st.stm32cube.ide.mcu.externaltools.gnu-tools-for-stm32.7-2018-q2-update.win32_1.4.0.202007081208/tools/bin/../lib/gcc/arm-none-eabi/7.3.1/thumb/v7e-m/fpv4-sp/hard\libgcc.a
LOAD c:/st/stm32cubeide_1.4.2/stm32cubeide/plugins/com.st.stm32cube.ide.mcu.externaltools.gnu-tools-for-stm32.7-2018-q2-update.win32_1.4.0.202007081208/tools/bin/../lib/gcc/arm-none-eabi/7.3.1/../../../../arm-none-eabi/lib/thumb/v7e-m/fpv4-sp/hard\libc_nano.a
END GROUP
START GROUP
LOAD c:/st/stm32cubeide_1.4.2/stm32cubeide/plugins/com.st.stm32cube.ide.mcu.externaltools.gnu-tools-for-stm32.7-2018-q2-update.win32_1.4.0.202007081208/tools/bin/../lib/gcc/arm-none-eabi/7.3.1/thumb/v7e-m/fpv4-sp/hard\libgcc.a
LOAD c:/st/stm32cubeide_1.4.2/stm32cubeide/plugins/com.st.stm32cube.ide.mcu.externaltools.gnu-tools-for-stm32.7-2018-q2-update.win32_1.4.0.202007081208/tools/bin/../lib/gcc/arm-none-eabi/7.3.1/../../../../arm-none-eabi/lib/thumb/v7e-m/fpv4-sp/hard\libc_nano.a
LOAD c:/st/stm32cubeide_1.4.2/stm32cubeide/plugins/com.st.stm32cube.ide.mcu.externaltools.gnu-tools-for-stm32.7-2018-q2-update.win32_1.4.0.202007081208/tools/bin/../lib/gcc/arm-none-eabi/7.3.1/../../../../arm-none-eabi/lib/thumb/v7e-m/fpv4-sp/hard\libnosys.a
END GROUP
START GROUP
LOAD c:/st/stm32cubeide_1.4.2/stm32cubeide/plugins/com.st.stm32cube.ide.mcu.externaltools.gnu-tools-for-stm32.7-2018-q2-update.win32_1.4.0.202007081208/tools/bin/../lib/gcc/arm-none-eabi/7.3.1/thumb/v7e-m/fpv4-sp/hard\libgcc.a
LOAD c:/st/stm32cubeide_1.4.2/stm32cubeide/plugins/com.st.stm32cube.ide.mcu.externaltools.gnu-tools-for-stm32.7-2018-q2-update.win32_1.4.0.202007081208/tools/bin/../lib/gcc/arm-none-eabi/7.3.1/../../../../arm-none-eabi/lib/thumb/v7e-m/fpv4-sp/hard\libc_nano.a
LOAD c:/st/stm32cubeide_1.4.2/stm32cubeide/plugins/com.st.stm32cube.ide.mcu.externaltools.gnu-tools-for-stm32.7-2018-q2-update.win32_1.4.0.202007081208/tools/bin/../lib/gcc/arm-none-eabi/7.3.1/../../../../arm-none-eabi/lib/thumb/v7e-m/fpv4-sp/hard\libnosys.a
END GROUP
LOAD c:/st/stm32cubeide_1.4.2/stm32cubeide/plugins/com.st.stm32cube.ide.mcu.externaltools.gnu-tools-for-stm32.7-2018-q2-update.win32_1.4.0.202007081208/tools/bin/../lib/gcc/arm-none-eabi/7.3.1/thumb/v7e-m/fpv4-sp/hard/crtend.o
LOAD c:/st/stm32cubeide_1.4.2/stm32cubeide/plugins/com.st.stm32cube.ide.mcu.externaltools.gnu-tools-for-stm32.7-2018-q2-update.win32_1.4.0.202007081208/tools/bin/../lib/gcc/arm-none-eabi/7.3.1/thumb/v7e-m/fpv4-sp/hard/crtn.o
                0x0000000020018000                _estack = (ORIGIN (RAM) + LENGTH (RAM))
                0x0000000000000200                _Min_Heap_Size = 0x200
                0x0000000000000400                _Min_Stack_Size = 0x400

.isr_vector     0x0000000008000000      0x188
                0x0000000008000000                . = ALIGN (0x4)
 *(.isr_vector)
 .isr_vector    0x0000000008000000      0x188 Core/Startup/startup_stm32l475vgtx.o
                0x0000000008000000                g_pfnVectors
                0x0000000008000188                . = ALIGN (0x4)

.text           0x0000000008000190     0xb478
                0x0000000008000190                . = ALIGN (0x4)
 *(.text)
 .text          0x0000000008000190       0x40 c:/st/stm32cubeide_1.4.2/stm32cubeide/plugins/com.st.stm32cube.ide.mcu.externaltools.gnu-tools-for-stm32.7-2018-q2-update.win32_1.4.0.202007081208/tools/bin/../lib/gcc/arm-none-eabi/7.3.1/thumb/v7e-m/fpv4-sp/hard/crtbegin.o
 .text          0x00000000080001d0       0xa0 c:/st/stm32cubeide_1.4.2/stm32cubeide/plugins/com.st.stm32cube.ide.mcu.externaltools.gnu-tools-for-stm32.7-2018-q2-update.win32_1.4.0.202007081208/tools/bin/../lib/gcc/arm-none-eabi/7.3.1/../../../../arm-none-eabi/lib/thumb/v7e-m/fpv4-sp/hard\libc_nano.a(lib_a-memchr.o)
                0x00000000080001d0                memchr
 .text          0x0000000008000270      0x378 c:/st/stm32cubeide_1.4.2/stm32cubeide/plugins/com.st.stm32cube.ide.mcu.externaltools.gnu-tools-for-stm32.7-2018-q2-update.win32_1.4.0.202007081208/tools/bin/../lib/gcc/arm-none-eabi/7.3.1/thumb/v7e-m/fpv4-sp/hard\libgcc.a(_arm_addsubdf3.o)
                0x0000000008000270                __aeabi_drsub
                0x0000000008000278                __aeabi_dsub
                0x0000000008000278                __subdf3
                0x000000000800027c                __aeabi_dadd
                0x000000000800027c                __adddf3
                0x00000000080004f4                __floatunsidf
                0x00000000080004f4                __aeabi_ui2d
                0x0000000008000514                __floatsidf
                0x0000000008000514                __aeabi_i2d
                0x0000000008000538                __aeabi_f2d
                0x0000000008000538                __extendsfdf2
                0x000000000800057c                __floatundidf
                0x000000000800057c                __aeabi_ul2d
                0x000000000800058c                __floatdidf
                0x000000000800058c                __aeabi_l2d
 .text          0x00000000080005e8       0x50 c:/st/stm32cubeide_1.4.2/stm32cubeide/plugins/com.st.stm32cube.ide.mcu.externaltools.gnu-tools-for-stm32.7-2018-q2-update.win32_1.4.0.202007081208/tools/bin/../lib/gcc/arm-none-eabi/7.3.1/thumb/v7e-m/fpv4-sp/hard\libgcc.a(_arm_fixdfsi.o)
                0x00000000080005e8                __aeabi_d2iz
                0x00000000080005e8                __fixdfsi
 .text          0x0000000008000638       0x30 c:/st/stm32cubeide_1.4.2/stm32cubeide/plugins/com.st.stm32cube.ide.mcu.externaltools.gnu-tools-for-stm32.7-2018-q2-update.win32_1.4.0.202007081208/tools/bin/../lib/gcc/arm-none-eabi/7.3.1/thumb/v7e-m/fpv4-sp/hard\libgcc.a(_aeabi_uldivmod.o)
                0x0000000008000638                __aeabi_uldivmod
 .text          0x0000000008000668      0x2cc c:/st/stm32cubeide_1.4.2/stm32cubeide/plugins/com.st.stm32cube.ide.mcu.externaltools.gnu-tools-for-stm32.7-2018-q2-update.win32_1.4.0.202007081208/tools/bin/../lib/gcc/arm-none-eabi/7.3.1/thumb/v7e-m/fpv4-sp/hard\libgcc.a(_udivmoddi4.o)
                0x0000000008000668                __udivmoddi4
 .text          0x0000000008000934        0x4 c:/st/stm32cubeide_1.4.2/stm32cubeide/plugins/com.st.stm32cube.ide.mcu.externaltools.gnu-tools-for-stm32.7-2018-q2-update.win32_1.4.0.202007081208/tools/bin/../lib/gcc/arm-none-eabi/7.3.1/thumb/v7e-m/fpv4-sp/hard\libgcc.a(_dvmd_tls.o)
                0x0000000008000934                __aeabi_idiv0
                0x0000000008000934                __aeabi_ldiv0
 *(.text*)
 .text.main     0x0000000008000938      0x170 Core/Src/main.o
                0x0000000008000938                main
 .text.SystemClock_Config
                0x0000000008000aa8      0x114 Core/Src/main.o
                0x0000000008000aa8                SystemClock_Config
 .text.MX_UART4_Init
                0x0000000008000bbc       0x60 Core/Src/main.o
 .text.MX_USART1_UART_Init
                0x0000000008000c1c       0x60 Core/Src/main.o
 .text.MX_GPIO_Init
                0x0000000008000c7c      0x430 Core/Src/main.o
 .text.Error_Handler
                0x00000000080010ac        0xe Core/Src/main.o
                0x00000000080010ac                Error_Handler
 *fill*         0x00000000080010ba        0x2 
 .text.HAL_MspInit
                0x00000000080010bc       0x48 Core/Src/stm32l4xx_hal_msp.o
                0x00000000080010bc                HAL_MspInit
 .text.HAL_UART_MspInit
                0x0000000008001104       0xe8 Core/Src/stm32l4xx_hal_msp.o
                0x0000000008001104                HAL_UART_MspInit
 .text.NMI_Handler
                0x00000000080011ec        0xe Core/Src/stm32l4xx_it.o
                0x00000000080011ec                NMI_Handler
 .text.HardFault_Handler
                0x00000000080011fa        0x6 Core/Src/stm32l4xx_it.o
                0x00000000080011fa                HardFault_Handler
 .text.MemManage_Handler
                0x0000000008001200        0x6 Core/Src/stm32l4xx_it.o
                0x0000000008001200                MemManage_Handler
 .text.BusFault_Handler
                0x0000000008001206        0x6 Core/Src/stm32l4xx_it.o
                0x0000000008001206                BusFault_Handler
 .text.UsageFault_Handler
                0x000000000800120c        0x6 Core/Src/stm32l4xx_it.o
                0x000000000800120c                UsageFault_Handler
 .text.SVC_Handler
                0x0000000008001212        0xe Core/Src/stm32l4xx_it.o
                0x0000000008001212                SVC_Handler
 .text.DebugMon_Handler
                0x0000000008001220        0xe Core/Src/stm32l4xx_it.o
                0x0000000008001220                DebugMon_Handler
 .text.PendSV_Handler
                0x000000000800122e        0xe Core/Src/stm32l4xx_it.o
                0x000000000800122e                PendSV_Handler
 .text.SysTick_Handler
                0x000000000800123c        0xc Core/Src/stm32l4xx_it.o
                0x000000000800123c                SysTick_Handler
 .text.EXTI9_5_IRQHandler
                0x0000000008001248       0x22 Core/Src/stm32l4xx_it.o
                0x0000000008001248                EXTI9_5_IRQHandler
 .text.EXTI15_10_IRQHandler
                0x000000000800126a       0x28 Core/Src/stm32l4xx_it.o
                0x000000000800126a                EXTI15_10_IRQHandler
 .text._read    0x0000000008001292       0x3a Core/Src/syscalls.o
                0x0000000008001292                _read
 .text._write   0x00000000080012cc       0x38 Core/Src/syscalls.o
                0x00000000080012cc                _write
 .text._close   0x0000000008001304       0x18 Core/Src/syscalls.o
                0x0000000008001304                _close
 .text._fstat   0x000000000800131c       0x20 Core/Src/syscalls.o
                0x000000000800131c                _fstat
 .text._isatty  0x000000000800133c       0x16 Core/Src/syscalls.o
                0x000000000800133c                _isatty
 .text._lseek   0x0000000008001352       0x1a Core/Src/syscalls.o
                0x0000000008001352                _lseek
 .text._sbrk    0x000000000800136c       0x6c Core/Src/sysmem.o
                0x000000000800136c                _sbrk
 .text.SystemInit
                0x00000000080013d8       0x6c Core/Src/system_stm32l4xx.o
                0x00000000080013d8                SystemInit
 .text.Reset_Handler
                0x0000000008001444       0x50 Core/Startup/startup_stm32l475vgtx.o
                0x0000000008001444                Reset_Handler
 .text.Default_Handler
                0x0000000008001494        0x2 Core/Startup/startup_stm32l475vgtx.o
                0x0000000008001494                RTC_Alarm_IRQHandler
                0x0000000008001494                EXTI2_IRQHandler
                0x0000000008001494                TIM8_TRG_COM_IRQHandler
                0x0000000008001494                TIM8_CC_IRQHandler
                0x0000000008001494                TIM1_CC_IRQHandler
                0x0000000008001494                TSC_IRQHandler
                0x0000000008001494                TAMP_STAMP_IRQHandler
                0x0000000008001494                EXTI3_IRQHandler
                0x0000000008001494                LPTIM2_IRQHandler
                0x0000000008001494                DFSDM1_FLT1_IRQHandler
                0x0000000008001494                I2C3_ER_IRQHandler
                0x0000000008001494                DFSDM1_FLT2_IRQHandler
                0x0000000008001494                EXTI0_IRQHandler
                0x0000000008001494                I2C2_EV_IRQHandler
                0x0000000008001494                CAN1_RX0_IRQHandler
                0x0000000008001494                FPU_IRQHandler
                0x0000000008001494                TIM1_UP_TIM16_IRQHandler
                0x0000000008001494                ADC1_2_IRQHandler
                0x0000000008001494                SPI1_IRQHandler
                0x0000000008001494                TIM6_DAC_IRQHandler
                0x0000000008001494                TIM8_UP_IRQHandler
                0x0000000008001494                DMA2_Channel2_IRQHandler
                0x0000000008001494                DMA1_Channel4_IRQHandler
                0x0000000008001494                SAI2_IRQHandler
                0x0000000008001494                DFSDM1_FLT3_IRQHandler
                0x0000000008001494                USART3_IRQHandler
                0x0000000008001494                DMA1_Channel7_IRQHandler
                0x0000000008001494                CAN1_RX1_IRQHandler
                0x0000000008001494                UART5_IRQHandler
                0x0000000008001494                ADC3_IRQHandler
                0x0000000008001494                TIM4_IRQHandler
                0x0000000008001494                DMA2_Channel1_IRQHandler
                0x0000000008001494                QUADSPI_IRQHandler
                0x0000000008001494                I2C1_EV_IRQHandler
                0x0000000008001494                DMA1_Channel6_IRQHandler
                0x0000000008001494                UART4_IRQHandler
                0x0000000008001494                DMA2_Channel4_IRQHandler
                0x0000000008001494                TIM3_IRQHandler
                0x0000000008001494                RCC_IRQHandler
                0x0000000008001494                DMA1_Channel1_IRQHandler
                0x0000000008001494                Default_Handler
                0x0000000008001494                DMA2_Channel7_IRQHandler
                0x0000000008001494                TIM7_IRQHandler
                0x0000000008001494                SDMMC1_IRQHandler
                0x0000000008001494                TIM5_IRQHandler
                0x0000000008001494                I2C3_EV_IRQHandler
                0x0000000008001494                RTC_WKUP_IRQHandler
                0x0000000008001494                PVD_PVM_IRQHandler
                0x0000000008001494                SPI2_IRQHandler
                0x0000000008001494                CAN1_TX_IRQHandler
                0x0000000008001494                DMA2_Channel5_IRQHandler
                0x0000000008001494                DMA1_Channel5_IRQHandler
                0x0000000008001494                EXTI4_IRQHandler
                0x0000000008001494                RNG_IRQHandler
                0x0000000008001494                TIM1_TRG_COM_TIM17_IRQHandler
                0x0000000008001494                DMA1_Channel3_IRQHandler
                0x0000000008001494                COMP_IRQHandler
                0x0000000008001494                WWDG_IRQHandler
                0x0000000008001494                LPUART1_IRQHandler
                0x0000000008001494                DMA2_Channel6_IRQHandler
                0x0000000008001494                TIM2_IRQHandler
                0x0000000008001494                EXTI1_IRQHandler
                0x0000000008001494                USART2_IRQHandler
                0x0000000008001494                DFSDM1_FLT0_IRQHandler
                0x0000000008001494                I2C2_ER_IRQHandler
                0x0000000008001494                DMA1_Channel2_IRQHandler
                0x0000000008001494                TIM8_BRK_IRQHandler
                0x0000000008001494                CAN1_SCE_IRQHandler
                0x0000000008001494                FLASH_IRQHandler
                0x0000000008001494                USART1_IRQHandler
                0x0000000008001494                OTG_FS_IRQHandler
                0x0000000008001494                SPI3_IRQHandler
                0x0000000008001494                I2C1_ER_IRQHandler
                0x0000000008001494                FMC_IRQHandler
                0x0000000008001494                SWPMI1_IRQHandler
                0x0000000008001494                LPTIM1_IRQHandler
                0x0000000008001494                SAI1_IRQHandler
                0x0000000008001494                DMA2_Channel3_IRQHandler
                0x0000000008001494                TIM1_BRK_TIM15_IRQHandler
 *fill*         0x0000000008001496        0x2 
 .text.I2Cx_MspInit
                0x0000000008001498       0xb0 Drivers/BSP/B-L475E-IOT01/stm32l475e_iot01.o
 .text.I2Cx_Init
                0x0000000008001548       0x5c Drivers/BSP/B-L475E-IOT01/stm32l475e_iot01.o
 .text.I2Cx_ReadMultiple
                0x00000000080015a4       0x5a Drivers/BSP/B-L475E-IOT01/stm32l475e_iot01.o
 .text.I2Cx_WriteMultiple
                0x00000000080015fe       0x5a Drivers/BSP/B-L475E-IOT01/stm32l475e_iot01.o
 .text.I2Cx_Error
                0x0000000008001658       0x20 Drivers/BSP/B-L475E-IOT01/stm32l475e_iot01.o
 .text.SENSOR_IO_Init
                0x0000000008001678       0x14 Drivers/BSP/B-L475E-IOT01/stm32l475e_iot01.o
                0x0000000008001678                SENSOR_IO_Init
 .text.SENSOR_IO_Write
                0x000000000800168c       0x34 Drivers/BSP/B-L475E-IOT01/stm32l475e_iot01.o
                0x000000000800168c                SENSOR_IO_Write
 .text.SENSOR_IO_Read
                0x00000000080016c0       0x3c Drivers/BSP/B-L475E-IOT01/stm32l475e_iot01.o
                0x00000000080016c0                SENSOR_IO_Read
 .text.SENSOR_IO_ReadMultiple
                0x00000000080016fc       0x3c Drivers/BSP/B-L475E-IOT01/stm32l475e_iot01.o
                0x00000000080016fc                SENSOR_IO_ReadMultiple
 .text.BSP_MAGNETO_Init
                0x0000000008001738       0x58 Drivers/BSP/B-L475E-IOT01/stm32l475e_iot01_magneto.o
                0x0000000008001738                BSP_MAGNETO_Init
 .text.BSP_MAGNETO_GetXYZ
                0x0000000008001790       0x30 Drivers/BSP/B-L475E-IOT01/stm32l475e_iot01_magneto.o
                0x0000000008001790                BSP_MAGNETO_GetXYZ
 .text.BSP_TSENSOR_Init
                0x00000000080017c0       0x38 Drivers/BSP/B-L475E-IOT01/stm32l475e_iot01_tsensor.o
                0x00000000080017c0                BSP_TSENSOR_Init
 .text.BSP_TSENSOR_ReadTemp
                0x00000000080017f8       0x1c Drivers/BSP/B-L475E-IOT01/stm32l475e_iot01_tsensor.o
                0x00000000080017f8                BSP_TSENSOR_ReadTemp
 .text.VL53L0X_PROXIMITY_Init
                0x0000000008001814       0x9c Drivers/BSP/B-L475E-IOT01/vl53l0x_proximity.o
                0x0000000008001814                VL53L0X_PROXIMITY_Init
 .text.VL53L0X_PROXIMITY_GetDistance
                0x00000000080018b0       0x20 Drivers/BSP/B-L475E-IOT01/vl53l0x_proximity.o
                0x00000000080018b0                VL53L0X_PROXIMITY_GetDistance
 .text.VL53L0X_PROXIMITY_MspInit
                0x00000000080018d0       0x40 Drivers/BSP/B-L475E-IOT01/vl53l0x_proximity.o
                0x00000000080018d0                VL53L0X_PROXIMITY_MspInit
 .text.SetupSingleShot
                0x0000000008001910      0x1bc Drivers/BSP/B-L475E-IOT01/vl53l0x_proximity.o
                0x0000000008001910                SetupSingleShot
 .text.HTS221_T_Init
                0x0000000008001acc       0x5a Drivers/BSP/Components/hts221/hts221.o
                0x0000000008001acc                HTS221_T_Init
 .text.HTS221_T_ReadTemp
                0x0000000008001b26      0x10e Drivers/BSP/Components/hts221/hts221.o
                0x0000000008001b26                HTS221_T_ReadTemp
 .text.LIS3MDL_MagInit
                0x0000000008001c34       0x50 Drivers/BSP/Components/lis3mdl/lis3mdl.o
                0x0000000008001c34                LIS3MDL_MagInit
 .text.LIS3MDL_MagDeInit
                0x0000000008001c84       0x3a Drivers/BSP/Components/lis3mdl/lis3mdl.o
                0x0000000008001c84                LIS3MDL_MagDeInit
 .text.LIS3MDL_MagReadID
                0x0000000008001cbe       0x16 Drivers/BSP/Components/lis3mdl/lis3mdl.o
                0x0000000008001cbe                LIS3MDL_MagReadID
 .text.LIS3MDL_MagLowPower
                0x0000000008001cd4       0x44 Drivers/BSP/Components/lis3mdl/lis3mdl.o
                0x0000000008001cd4                LIS3MDL_MagLowPower
 .text.LIS3MDL_MagReadXYZ
                0x0000000008001d18      0x110 Drivers/BSP/Components/lis3mdl/lis3mdl.o
                0x0000000008001d18                LIS3MDL_MagReadXYZ
 .text.VL53L0X_GetDeviceInfo
                0x0000000008001e28       0x26 Drivers/BSP/Components/vl53l0x/vl53l0x_api.o
                0x0000000008001e28                VL53L0X_GetDeviceInfo
 .text.VL53L0X_GetOffsetCalibrationDataMicroMeter
                0x0000000008001e4e       0x26 Drivers/BSP/Components/vl53l0x/vl53l0x_api.o
                0x0000000008001e4e                VL53L0X_GetOffsetCalibrationDataMicroMeter
 .text.VL53L0X_DataInit
                0x0000000008001e74      0x214 Drivers/BSP/Components/vl53l0x/vl53l0x_api.o
                0x0000000008001e74                VL53L0X_DataInit
 .text.VL53L0X_StaticInit
                0x0000000008002088      0x304 Drivers/BSP/Components/vl53l0x/vl53l0x_api.o
                0x0000000008002088                VL53L0X_StaticInit
 .text.VL53L0X_GetDeviceParameters
                0x000000000800238c      0x120 Drivers/BSP/Components/vl53l0x/vl53l0x_api.o
                0x000000000800238c                VL53L0X_GetDeviceParameters
 .text.VL53L0X_SetDeviceMode
                0x00000000080024ac       0x90 Drivers/BSP/Components/vl53l0x/vl53l0x_api.o
                0x00000000080024ac                VL53L0X_SetDeviceMode
 .text.VL53L0X_GetDeviceMode
                0x000000000800253c       0x26 Drivers/BSP/Components/vl53l0x/vl53l0x_api.o
                0x000000000800253c                VL53L0X_GetDeviceMode
 .text.VL53L0X_GetFractionEnable
                0x0000000008002562       0x3e Drivers/BSP/Components/vl53l0x/vl53l0x_api.o
                0x0000000008002562                VL53L0X_GetFractionEnable
 .text.VL53L0X_SetMeasurementTimingBudgetMicroSeconds
                0x00000000080025a0       0x26 Drivers/BSP/Components/vl53l0x/vl53l0x_api.o
                0x00000000080025a0                VL53L0X_SetMeasurementTimingBudgetMicroSeconds
 .text.VL53L0X_GetMeasurementTimingBudgetMicroSeconds
                0x00000000080025c6       0x26 Drivers/BSP/Components/vl53l0x/vl53l0x_api.o
                0x00000000080025c6                VL53L0X_GetMeasurementTimingBudgetMicroSeconds
 .text.VL53L0X_SetVcselPulsePeriod
                0x00000000080025ec       0x30 Drivers/BSP/Components/vl53l0x/vl53l0x_api.o
                0x00000000080025ec                VL53L0X_SetVcselPulsePeriod
 .text.VL53L0X_GetVcselPulsePeriod
                0x000000000800261c       0x2e Drivers/BSP/Components/vl53l0x/vl53l0x_api.o
                0x000000000800261c                VL53L0X_GetVcselPulsePeriod
 *fill*         0x000000000800264a        0x2 
 .text.VL53L0X_SetSequenceStepEnable
                0x000000000800264c      0x144 Drivers/BSP/Components/vl53l0x/vl53l0x_api.o
                0x000000000800264c                VL53L0X_SetSequenceStepEnable
 .text.sequence_step_enabled
                0x0000000008002790       0xa4 Drivers/BSP/Components/vl53l0x/vl53l0x_api.o
                0x0000000008002790                sequence_step_enabled
 .text.VL53L0X_GetSequenceStepEnables
                0x0000000008002834       0xb0 Drivers/BSP/Components/vl53l0x/vl53l0x_api.o
                0x0000000008002834                VL53L0X_GetSequenceStepEnables
 .text.VL53L0X_GetSequenceStepTimeout
                0x00000000080028e4       0x80 Drivers/BSP/Components/vl53l0x/vl53l0x_api.o
                0x00000000080028e4                VL53L0X_GetSequenceStepTimeout
 .text.VL53L0X_GetInterMeasurementPeriodMilliSeconds
                0x0000000008002964       0x68 Drivers/BSP/Components/vl53l0x/vl53l0x_api.o
                0x0000000008002964                VL53L0X_GetInterMeasurementPeriodMilliSeconds
 .text.VL53L0X_GetXTalkCompensationEnable
                0x00000000080029cc       0x2a Drivers/BSP/Components/vl53l0x/vl53l0x_api.o
                0x00000000080029cc                VL53L0X_GetXTalkCompensationEnable
 .text.VL53L0X_GetXTalkCompensationRateMegaCps
                0x00000000080029f6       0x66 Drivers/BSP/Components/vl53l0x/vl53l0x_api.o
                0x00000000080029f6                VL53L0X_GetXTalkCompensationRateMegaCps
 .text.VL53L0X_SetLimitCheckEnable
                0x0000000008002a5c      0x118 Drivers/BSP/Components/vl53l0x/vl53l0x_api.o
                0x0000000008002a5c                VL53L0X_SetLimitCheckEnable
 .text.VL53L0X_GetLimitCheckEnable
                0x0000000008002b74       0x46 Drivers/BSP/Components/vl53l0x/vl53l0x_api.o
                0x0000000008002b74                VL53L0X_GetLimitCheckEnable
 *fill*         0x0000000008002bba        0x2 
 .text.VL53L0X_SetLimitCheckValue
                0x0000000008002bbc       0xc4 Drivers/BSP/Components/vl53l0x/vl53l0x_api.o
                0x0000000008002bbc                VL53L0X_SetLimitCheckValue
 .text.VL53L0X_GetLimitCheckValue
                0x0000000008002c80      0x11c Drivers/BSP/Components/vl53l0x/vl53l0x_api.o
                0x0000000008002c80                VL53L0X_GetLimitCheckValue
 .text.VL53L0X_GetWrapAroundCheckEnable
                0x0000000008002d9c       0x64 Drivers/BSP/Components/vl53l0x/vl53l0x_api.o
                0x0000000008002d9c                VL53L0X_GetWrapAroundCheckEnable
 .text.VL53L0X_PerformSingleMeasurement
                0x0000000008002e00       0x68 Drivers/BSP/Components/vl53l0x/vl53l0x_api.o
                0x0000000008002e00                VL53L0X_PerformSingleMeasurement
 .text.VL53L0X_PerformRefCalibration
                0x0000000008002e68       0x2c Drivers/BSP/Components/vl53l0x/vl53l0x_api.o
                0x0000000008002e68                VL53L0X_PerformRefCalibration
 .text.VL53L0X_CheckAndLoadInterruptSettings
                0x0000000008002e94       0xcc Drivers/BSP/Components/vl53l0x/vl53l0x_api.o
                0x0000000008002e94                VL53L0X_CheckAndLoadInterruptSettings
 .text.VL53L0X_StartMeasurement
                0x0000000008002f60      0x112 Drivers/BSP/Components/vl53l0x/vl53l0x_api.o
                0x0000000008002f60                VL53L0X_StartMeasurement
 .text.VL53L0X_GetMeasurementDataReady
                0x0000000008003072       0x80 Drivers/BSP/Components/vl53l0x/vl53l0x_api.o
                0x0000000008003072                VL53L0X_GetMeasurementDataReady
 *fill*         0x00000000080030f2        0x2 
 .text.VL53L0X_GetRangingMeasurementData
                0x00000000080030f4      0x24c Drivers/BSP/Components/vl53l0x/vl53l0x_api.o
                0x00000000080030f4                VL53L0X_GetRangingMeasurementData
 .text.VL53L0X_PerformSingleRangingMeasurement
                0x0000000008003340       0x60 Drivers/BSP/Components/vl53l0x/vl53l0x_api.o
                0x0000000008003340                VL53L0X_PerformSingleRangingMeasurement
 .text.VL53L0X_SetGpioConfig
                0x00000000080033a0      0x248 Drivers/BSP/Components/vl53l0x/vl53l0x_api.o
                0x00000000080033a0                VL53L0X_SetGpioConfig
 .text.VL53L0X_GetInterruptThresholds
                0x00000000080035e8       0x6c Drivers/BSP/Components/vl53l0x/vl53l0x_api.o
                0x00000000080035e8                VL53L0X_GetInterruptThresholds
 .text.VL53L0X_ClearInterruptMask
                0x0000000008003654       0x80 Drivers/BSP/Components/vl53l0x/vl53l0x_api.o
                0x0000000008003654                VL53L0X_ClearInterruptMask
 .text.VL53L0X_GetInterruptMaskStatus
                0x00000000080036d4       0x44 Drivers/BSP/Components/vl53l0x/vl53l0x_api.o
                0x00000000080036d4                VL53L0X_GetInterruptMaskStatus
 .text.VL53L0X_PerformRefSpadManagement
                0x0000000008003718       0x2a Drivers/BSP/Components/vl53l0x/vl53l0x_api.o
                0x0000000008003718                VL53L0X_PerformRefSpadManagement
 .text.VL53L0X_get_offset_calibration_data_micro_meter
                0x0000000008003742       0x7e Drivers/BSP/Components/vl53l0x/vl53l0x_api_calibration.o
                0x0000000008003742                VL53L0X_get_offset_calibration_data_micro_meter
 .text.get_next_good_spad
                0x00000000080037c0       0xbc Drivers/BSP/Components/vl53l0x/vl53l0x_api_calibration.o
                0x00000000080037c0                get_next_good_spad
 .text.is_aperture
                0x000000000800387c       0x34 Drivers/BSP/Components/vl53l0x/vl53l0x_api_calibration.o
                0x000000000800387c                is_aperture
 .text.enable_spad_bit
                0x00000000080038b0       0x70 Drivers/BSP/Components/vl53l0x/vl53l0x_api_calibration.o
                0x00000000080038b0                enable_spad_bit
 .text.set_ref_spad_map
                0x0000000008003920       0x26 Drivers/BSP/Components/vl53l0x/vl53l0x_api_calibration.o
                0x0000000008003920                set_ref_spad_map
 .text.get_ref_spad_map
                0x0000000008003946       0x26 Drivers/BSP/Components/vl53l0x/vl53l0x_api_calibration.o
                0x0000000008003946                get_ref_spad_map
 .text.enable_ref_spads
                0x000000000800396c       0xf8 Drivers/BSP/Components/vl53l0x/vl53l0x_api_calibration.o
                0x000000000800396c                enable_ref_spads
 .text.perform_ref_signal_measurement
                0x0000000008003a64       0xd4 Drivers/BSP/Components/vl53l0x/vl53l0x_api_calibration.o
                0x0000000008003a64                perform_ref_signal_measurement
 .text.VL53L0X_perform_ref_spad_management
                0x0000000008003b38      0x418 Drivers/BSP/Components/vl53l0x/vl53l0x_api_calibration.o
                0x0000000008003b38                VL53L0X_perform_ref_spad_management
 .text.VL53L0X_set_reference_spads
                0x0000000008003f50      0x14a Drivers/BSP/Components/vl53l0x/vl53l0x_api_calibration.o
                0x0000000008003f50                VL53L0X_set_reference_spads
 .text.VL53L0X_perform_single_ref_calibration
                0x000000000800409a       0x76 Drivers/BSP/Components/vl53l0x/vl53l0x_api_calibration.o
                0x000000000800409a                VL53L0X_perform_single_ref_calibration
 .text.VL53L0X_ref_calibration_io
                0x0000000008004110      0x132 Drivers/BSP/Components/vl53l0x/vl53l0x_api_calibration.o
                0x0000000008004110                VL53L0X_ref_calibration_io
 .text.VL53L0X_perform_vhv_calibration
                0x0000000008004242       0xce Drivers/BSP/Components/vl53l0x/vl53l0x_api_calibration.o
                0x0000000008004242                VL53L0X_perform_vhv_calibration
 .text.VL53L0X_perform_phase_calibration
                0x0000000008004310       0xca Drivers/BSP/Components/vl53l0x/vl53l0x_api_calibration.o
                0x0000000008004310                VL53L0X_perform_phase_calibration
 .text.VL53L0X_perform_ref_calibration
                0x00000000080043da       0x7a Drivers/BSP/Components/vl53l0x/vl53l0x_api_calibration.o
                0x00000000080043da                VL53L0X_perform_ref_calibration
 .text.VL53L0X_measurement_poll_for_completion
                0x0000000008004454       0x5e Drivers/BSP/Components/vl53l0x/vl53l0x_api_core.o
                0x0000000008004454                VL53L0X_measurement_poll_for_completion
 .text.VL53L0X_decode_vcsel_period
                0x00000000080044b2       0x26 Drivers/BSP/Components/vl53l0x/vl53l0x_api_core.o
                0x00000000080044b2                VL53L0X_decode_vcsel_period
 .text.VL53L0X_encode_vcsel_period
                0x00000000080044d8       0x26 Drivers/BSP/Components/vl53l0x/vl53l0x_api_core.o
                0x00000000080044d8                VL53L0X_encode_vcsel_period
 .text.VL53L0X_isqrt
                0x00000000080044fe       0x68 Drivers/BSP/Components/vl53l0x/vl53l0x_api_core.o
                0x00000000080044fe                VL53L0X_isqrt
 .text.VL53L0X_device_read_strobe
                0x0000000008004566       0x82 Drivers/BSP/Components/vl53l0x/vl53l0x_api_core.o
                0x0000000008004566                VL53L0X_device_read_strobe
 .text.VL53L0X_get_info_from_device
                0x00000000080045e8      0x99a Drivers/BSP/Components/vl53l0x/vl53l0x_api_core.o
                0x00000000080045e8                VL53L0X_get_info_from_device
 .text.VL53L0X_calc_macro_period_ps
                0x0000000008004f82       0x3a Drivers/BSP/Components/vl53l0x/vl53l0x_api_core.o
                0x0000000008004f82                VL53L0X_calc_macro_period_ps
 .text.VL53L0X_encode_timeout
                0x0000000008004fbc       0x58 Drivers/BSP/Components/vl53l0x/vl53l0x_api_core.o
                0x0000000008004fbc                VL53L0X_encode_timeout
 .text.VL53L0X_decode_timeout
                0x0000000008005014       0x2c Drivers/BSP/Components/vl53l0x/vl53l0x_api_core.o
                0x0000000008005014                VL53L0X_decode_timeout
 .text.VL53L0X_calc_timeout_mclks
                0x0000000008005040       0x54 Drivers/BSP/Components/vl53l0x/vl53l0x_api_core.o
                0x0000000008005040                VL53L0X_calc_timeout_mclks
 .text.VL53L0X_calc_timeout_us
                0x0000000008005094       0x58 Drivers/BSP/Components/vl53l0x/vl53l0x_api_core.o
                0x0000000008005094                VL53L0X_calc_timeout_us
 .text.get_sequence_step_timeout
                0x00000000080050ec      0x1c2 Drivers/BSP/Components/vl53l0x/vl53l0x_api_core.o
                0x00000000080050ec                get_sequence_step_timeout
 .text.set_sequence_step_timeout
                0x00000000080052ae      0x1e8 Drivers/BSP/Components/vl53l0x/vl53l0x_api_core.o
                0x00000000080052ae                set_sequence_step_timeout
 .text.VL53L0X_set_vcsel_pulse_period
                0x0000000008005496      0x512 Drivers/BSP/Components/vl53l0x/vl53l0x_api_core.o
                0x0000000008005496                VL53L0X_set_vcsel_pulse_period
 .text.VL53L0X_get_vcsel_pulse_period
                0x00000000080059a8       0x6e Drivers/BSP/Components/vl53l0x/vl53l0x_api_core.o
                0x00000000080059a8                VL53L0X_get_vcsel_pulse_period
 .text.VL53L0X_set_measurement_timing_budget_micro_seconds
                0x0000000008005a16      0x1c0 Drivers/BSP/Components/vl53l0x/vl53l0x_api_core.o
                0x0000000008005a16                VL53L0X_set_measurement_timing_budget_micro_seconds
 .text.VL53L0X_get_measurement_timing_budget_micro_seconds
                0x0000000008005bd6      0x162 Drivers/BSP/Components/vl53l0x/vl53l0x_api_core.o
                0x0000000008005bd6                VL53L0X_get_measurement_timing_budget_micro_seconds
 .text.VL53L0X_load_tuning_settings
                0x0000000008005d38      0x1c4 Drivers/BSP/Components/vl53l0x/vl53l0x_api_core.o
                0x0000000008005d38                VL53L0X_load_tuning_settings
 .text.VL53L0X_get_total_xtalk_rate
                0x0000000008005efc       0x5e Drivers/BSP/Components/vl53l0x/vl53l0x_api_core.o
                0x0000000008005efc                VL53L0X_get_total_xtalk_rate
 .text.VL53L0X_get_total_signal_rate
                0x0000000008005f5a       0x4a Drivers/BSP/Components/vl53l0x/vl53l0x_api_core.o
                0x0000000008005f5a                VL53L0X_get_total_signal_rate
 .text.VL53L0X_calc_dmax
                0x0000000008005fa4      0x240 Drivers/BSP/Components/vl53l0x/vl53l0x_api_core.o
                0x0000000008005fa4                VL53L0X_calc_dmax
 .text.VL53L0X_calc_sigma_estimate
                0x00000000080061e4      0x430 Drivers/BSP/Components/vl53l0x/vl53l0x_api_core.o
                0x00000000080061e4                VL53L0X_calc_sigma_estimate
 .text.VL53L0X_get_pal_range_status
                0x0000000008006614      0x3b6 Drivers/BSP/Components/vl53l0x/vl53l0x_api_core.o
                0x0000000008006614                VL53L0X_get_pal_range_status
 .text.VL53L0X_check_part_used
                0x00000000080069ca       0x6a Drivers/BSP/Components/vl53l0x/vl53l0x_api_strings.o
                0x00000000080069ca                VL53L0X_check_part_used
 .text.VL53L0X_get_device_info
                0x0000000008006a34      0x108 Drivers/BSP/Components/vl53l0x/vl53l0x_api_strings.o
                0x0000000008006a34                VL53L0X_get_device_info
 .text._I2CWrite
                0x0000000008006b3c       0x3e Drivers/BSP/Components/vl53l0x/vl53l0x_tof.o
                0x0000000008006b3c                _I2CWrite
 .text._I2CRead
                0x0000000008006b7a       0x44 Drivers/BSP/Components/vl53l0x/vl53l0x_tof.o
                0x0000000008006b7a                _I2CRead
 .text.VL53L0X_RdByte
                0x0000000008006bbe       0x54 Drivers/BSP/Components/vl53l0x/vl53l0x_tof.o
                0x0000000008006bbe                VL53L0X_RdByte
 *fill*         0x0000000008006c12        0x2 
 .text.VL53L0X_WriteMulti
                0x0000000008006c14       0x60 Drivers/BSP/Components/vl53l0x/vl53l0x_tof.o
                0x0000000008006c14                VL53L0X_WriteMulti
 .text.VL53L0X_ReadMulti
                0x0000000008006c74       0x56 Drivers/BSP/Components/vl53l0x/vl53l0x_tof.o
                0x0000000008006c74                VL53L0X_ReadMulti
 *fill*         0x0000000008006cca        0x2 
 .text.VL53L0X_RdWord
                0x0000000008006ccc       0x70 Drivers/BSP/Components/vl53l0x/vl53l0x_tof.o
                0x0000000008006ccc                VL53L0X_RdWord
 .text.VL53L0X_RdDWord
                0x0000000008006d3c       0x78 Drivers/BSP/Components/vl53l0x/vl53l0x_tof.o
                0x0000000008006d3c                VL53L0X_RdDWord
 .text.VL53L0X_WrByte
                0x0000000008006db4       0x48 Drivers/BSP/Components/vl53l0x/vl53l0x_tof.o
                0x0000000008006db4                VL53L0X_WrByte
 .text.VL53L0X_WrWord
                0x0000000008006dfc       0x54 Drivers/BSP/Components/vl53l0x/vl53l0x_tof.o
                0x0000000008006dfc                VL53L0X_WrWord
 .text.VL53L0X_UpdateByte
                0x0000000008006e50       0x68 Drivers/BSP/Components/vl53l0x/vl53l0x_tof.o
                0x0000000008006e50                VL53L0X_UpdateByte
 .text.VL53L0X_PollingDelay
                0x0000000008006eb8       0x1e Drivers/BSP/Components/vl53l0x/vl53l0x_tof.o
                0x0000000008006eb8                VL53L0X_PollingDelay
 .text.HAL_Init
                0x0000000008006ed6       0x30 Drivers/STM32L4xx_HAL_Driver/Src/stm32l4xx_hal.o
                0x0000000008006ed6                HAL_Init
 *fill*         0x0000000008006f06        0x2 
 .text.HAL_InitTick
                0x0000000008006f08       0x78 Drivers/STM32L4xx_HAL_Driver/Src/stm32l4xx_hal.o
                0x0000000008006f08                HAL_InitTick
 .text.HAL_IncTick
                0x0000000008006f80       0x28 Drivers/STM32L4xx_HAL_Driver/Src/stm32l4xx_hal.o
                0x0000000008006f80                HAL_IncTick
 .text.HAL_GetTick
                0x0000000008006fa8       0x18 Drivers/STM32L4xx_HAL_Driver/Src/stm32l4xx_hal.o
                0x0000000008006fa8                HAL_GetTick
 .text.HAL_Delay
                0x0000000008006fc0       0x44 Drivers/STM32L4xx_HAL_Driver/Src/stm32l4xx_hal.o
                0x0000000008006fc0                HAL_Delay
 .text.__NVIC_SetPriorityGrouping
                0x0000000008007004       0x48 Drivers/STM32L4xx_HAL_Driver/Src/stm32l4xx_hal_cortex.o
 .text.__NVIC_GetPriorityGrouping
                0x000000000800704c       0x1c Drivers/STM32L4xx_HAL_Driver/Src/stm32l4xx_hal_cortex.o
 .text.__NVIC_EnableIRQ
                0x0000000008007068       0x3c Drivers/STM32L4xx_HAL_Driver/Src/stm32l4xx_hal_cortex.o
 .text.__NVIC_SetPriority
                0x00000000080070a4       0x54 Drivers/STM32L4xx_HAL_Driver/Src/stm32l4xx_hal_cortex.o
 .text.NVIC_EncodePriority
                0x00000000080070f8       0x66 Drivers/STM32L4xx_HAL_Driver/Src/stm32l4xx_hal_cortex.o
 *fill*         0x000000000800715e        0x2 
 .text.SysTick_Config
                0x0000000008007160       0x44 Drivers/STM32L4xx_HAL_Driver/Src/stm32l4xx_hal_cortex.o
 .text.HAL_NVIC_SetPriorityGrouping
                0x00000000080071a4       0x16 Drivers/STM32L4xx_HAL_Driver/Src/stm32l4xx_hal_cortex.o
                0x00000000080071a4                HAL_NVIC_SetPriorityGrouping
 .text.HAL_NVIC_SetPriority
                0x00000000080071ba       0x38 Drivers/STM32L4xx_HAL_Driver/Src/stm32l4xx_hal_cortex.o
                0x00000000080071ba                HAL_NVIC_SetPriority
 .text.HAL_NVIC_EnableIRQ
                0x00000000080071f2       0x1c Drivers/STM32L4xx_HAL_Driver/Src/stm32l4xx_hal_cortex.o
                0x00000000080071f2                HAL_NVIC_EnableIRQ
 .text.HAL_SYSTICK_Config
                0x000000000800720e       0x18 Drivers/STM32L4xx_HAL_Driver/Src/stm32l4xx_hal_cortex.o
                0x000000000800720e                HAL_SYSTICK_Config
 *fill*         0x0000000008007226        0x2 
 .text.HAL_GPIO_Init
                0x0000000008007228      0x350 Drivers/STM32L4xx_HAL_Driver/Src/stm32l4xx_hal_gpio.o
                0x0000000008007228                HAL_GPIO_Init
 .text.HAL_GPIO_ReadPin
                0x0000000008007578       0x30 Drivers/STM32L4xx_HAL_Driver/Src/stm32l4xx_hal_gpio.o
                0x0000000008007578                HAL_GPIO_ReadPin
 .text.HAL_GPIO_WritePin
                0x00000000080075a8       0x30 Drivers/STM32L4xx_HAL_Driver/Src/stm32l4xx_hal_gpio.o
                0x00000000080075a8                HAL_GPIO_WritePin
 .text.HAL_GPIO_EXTI_IRQHandler
                0x00000000080075d8       0x30 Drivers/STM32L4xx_HAL_Driver/Src/stm32l4xx_hal_gpio.o
                0x00000000080075d8                HAL_GPIO_EXTI_IRQHandler
 .text.HAL_GPIO_EXTI_Callback
                0x0000000008007608       0x16 Drivers/STM32L4xx_HAL_Driver/Src/stm32l4xx_hal_gpio.o
                0x0000000008007608                HAL_GPIO_EXTI_Callback
 .text.HAL_I2C_Init
                0x000000000800761e      0x11e Drivers/STM32L4xx_HAL_Driver/Src/stm32l4xx_hal_i2c.o
                0x000000000800761e                HAL_I2C_Init
 .text.HAL_I2C_DeInit
                0x000000000800773c       0x5e Drivers/STM32L4xx_HAL_Driver/Src/stm32l4xx_hal_i2c.o
                0x000000000800773c                HAL_I2C_DeInit
 .text.HAL_I2C_MspInit
                0x000000000800779a       0x14 Drivers/STM32L4xx_HAL_Driver/Src/stm32l4xx_hal_i2c.o
                0x000000000800779a                HAL_I2C_MspInit
 .text.HAL_I2C_MspDeInit
                0x00000000080077ae       0x14 Drivers/STM32L4xx_HAL_Driver/Src/stm32l4xx_hal_i2c.o
                0x00000000080077ae                HAL_I2C_MspDeInit
 *fill*         0x00000000080077c2        0x2 
 .text.HAL_I2C_Master_Transmit
                0x00000000080077c4      0x1e8 Drivers/STM32L4xx_HAL_Driver/Src/stm32l4xx_hal_i2c.o
                0x00000000080077c4                HAL_I2C_Master_Transmit
 .text.HAL_I2C_Master_Receive
                0x00000000080079ac      0x1ec Drivers/STM32L4xx_HAL_Driver/Src/stm32l4xx_hal_i2c.o
                0x00000000080079ac                HAL_I2C_Master_Receive
 .text.HAL_I2C_Mem_Write
                0x0000000008007b98      0x228 Drivers/STM32L4xx_HAL_Driver/Src/stm32l4xx_hal_i2c.o
                0x0000000008007b98                HAL_I2C_Mem_Write
 .text.HAL_I2C_Mem_Read
                0x0000000008007dc0      0x234 Drivers/STM32L4xx_HAL_Driver/Src/stm32l4xx_hal_i2c.o
                0x0000000008007dc0                HAL_I2C_Mem_Read
 .text.I2C_RequestMemoryWrite
                0x0000000008007ff4       0xa8 Drivers/STM32L4xx_HAL_Driver/Src/stm32l4xx_hal_i2c.o
 .text.I2C_RequestMemoryRead
                0x000000000800809c       0xa8 Drivers/STM32L4xx_HAL_Driver/Src/stm32l4xx_hal_i2c.o
 .text.I2C_Flush_TXDR
                0x0000000008008144       0x48 Drivers/STM32L4xx_HAL_Driver/Src/stm32l4xx_hal_i2c.o
 .text.I2C_WaitOnFlagUntilTimeout
                0x000000000800818c       0x80 Drivers/STM32L4xx_HAL_Driver/Src/stm32l4xx_hal_i2c.o
 .text.I2C_WaitOnTXISFlagUntilTimeout
                0x000000000800820c       0x80 Drivers/STM32L4xx_HAL_Driver/Src/stm32l4xx_hal_i2c.o
 .text.I2C_WaitOnSTOPFlagUntilTimeout
                0x000000000800828c       0x78 Drivers/STM32L4xx_HAL_Driver/Src/stm32l4xx_hal_i2c.o
 .text.I2C_WaitOnRXNEFlagUntilTimeout
                0x0000000008008304       0xd8 Drivers/STM32L4xx_HAL_Driver/Src/stm32l4xx_hal_i2c.o
 .text.I2C_IsAcknowledgeFailed
                0x00000000080083dc       0xcc Drivers/STM32L4xx_HAL_Driver/Src/stm32l4xx_hal_i2c.o
 .text.I2C_TransferConfig
                0x00000000080084a8       0x5c Drivers/STM32L4xx_HAL_Driver/Src/stm32l4xx_hal_i2c.o
 .text.HAL_I2CEx_ConfigAnalogFilter
                0x0000000008008504       0x96 Drivers/STM32L4xx_HAL_Driver/Src/stm32l4xx_hal_i2c_ex.o
                0x0000000008008504                HAL_I2CEx_ConfigAnalogFilter
 *fill*         0x000000000800859a        0x2 
 .text.HAL_PWR_EnableBkUpAccess
                0x000000000800859c       0x20 Drivers/STM32L4xx_HAL_Driver/Src/stm32l4xx_hal_pwr.o
                0x000000000800859c                HAL_PWR_EnableBkUpAccess
 .text.HAL_PWREx_GetVoltageRange
                0x00000000080085bc       0x1c Drivers/STM32L4xx_HAL_Driver/Src/stm32l4xx_hal_pwr_ex.o
                0x00000000080085bc                HAL_PWREx_GetVoltageRange
 .text.HAL_PWREx_ControlVoltageScaling
                0x00000000080085d8       0xac Drivers/STM32L4xx_HAL_Driver/Src/stm32l4xx_hal_pwr_ex.o
                0x00000000080085d8                HAL_PWREx_ControlVoltageScaling
 .text.HAL_RCC_OscConfig
                0x0000000008008684      0x7cc Drivers/STM32L4xx_HAL_Driver/Src/stm32l4xx_hal_rcc.o
                0x0000000008008684                HAL_RCC_OscConfig
 .text.HAL_RCC_ClockConfig
                0x0000000008008e50      0x1c4 Drivers/STM32L4xx_HAL_Driver/Src/stm32l4xx_hal_rcc.o
                0x0000000008008e50                HAL_RCC_ClockConfig
 .text.HAL_RCC_GetSysClockFreq
                0x0000000008009014      0x114 Drivers/STM32L4xx_HAL_Driver/Src/stm32l4xx_hal_rcc.o
                0x0000000008009014                HAL_RCC_GetSysClockFreq
 .text.HAL_RCC_GetHCLKFreq
                0x0000000008009128       0x18 Drivers/STM32L4xx_HAL_Driver/Src/stm32l4xx_hal_rcc.o
                0x0000000008009128                HAL_RCC_GetHCLKFreq
 .text.HAL_RCC_GetPCLK1Freq
                0x0000000008009140       0x2c Drivers/STM32L4xx_HAL_Driver/Src/stm32l4xx_hal_rcc.o
                0x0000000008009140                HAL_RCC_GetPCLK1Freq
 .text.HAL_RCC_GetPCLK2Freq
                0x000000000800916c       0x2c Drivers/STM32L4xx_HAL_Driver/Src/stm32l4xx_hal_rcc.o
                0x000000000800916c                HAL_RCC_GetPCLK2Freq
 .text.RCC_SetFlashLatencyFromMSIRange
                0x0000000008009198       0xc0 Drivers/STM32L4xx_HAL_Driver/Src/stm32l4xx_hal_rcc.o
 .text.HAL_RCCEx_PeriphCLKConfig
                0x0000000008009258      0x5cc Drivers/STM32L4xx_HAL_Driver/Src/stm32l4xx_hal_rcc_ex.o
                0x0000000008009258                HAL_RCCEx_PeriphCLKConfig
 .text.HAL_RCCEx_EnableMSIPLLMode
                0x0000000008009824       0x20 Drivers/STM32L4xx_HAL_Driver/Src/stm32l4xx_hal_rcc_ex.o
                0x0000000008009824                HAL_RCCEx_EnableMSIPLLMode
 .text.RCCEx_PLLSAI1_Config
                0x0000000008009844      0x1e0 Drivers/STM32L4xx_HAL_Driver/Src/stm32l4xx_hal_rcc_ex.o
 .text.RCCEx_PLLSAI2_Config
                0x0000000008009a24      0x1b4 Drivers/STM32L4xx_HAL_Driver/Src/stm32l4xx_hal_rcc_ex.o
 .text.HAL_UART_Init
                0x0000000008009bd8       0x9c Drivers/STM32L4xx_HAL_Driver/Src/stm32l4xx_hal_uart.o
                0x0000000008009bd8                HAL_UART_Init
 .text.HAL_UART_Transmit
                0x0000000008009c74      0x126 Drivers/STM32L4xx_HAL_Driver/Src/stm32l4xx_hal_uart.o
                0x0000000008009c74                HAL_UART_Transmit
 *fill*         0x0000000008009d9a        0x2 
 .text.UART_SetConfig
                0x0000000008009d9c      0x514 Drivers/STM32L4xx_HAL_Driver/Src/stm32l4xx_hal_uart.o
                0x0000000008009d9c                UART_SetConfig
 .text.UART_AdvFeatureConfig
                0x000000000800a2b0      0x144 Drivers/STM32L4xx_HAL_Driver/Src/stm32l4xx_hal_uart.o
                0x000000000800a2b0                UART_AdvFeatureConfig
 .text.UART_CheckIdleState
                0x000000000800a3f4       0x8a Drivers/STM32L4xx_HAL_Driver/Src/stm32l4xx_hal_uart.o
                0x000000000800a3f4                UART_CheckIdleState
 .text.UART_WaitOnFlagUntilTimeout
                0x000000000800a47e       0xf6 Drivers/STM32L4xx_HAL_Driver/Src/stm32l4xx_hal_uart.o
                0x000000000800a47e                UART_WaitOnFlagUntilTimeout
 .text.__errno  0x000000000800a574        0xc c:/st/stm32cubeide_1.4.2/stm32cubeide/plugins/com.st.stm32cube.ide.mcu.externaltools.gnu-tools-for-stm32.7-2018-q2-update.win32_1.4.0.202007081208/tools/bin/../lib/gcc/arm-none-eabi/7.3.1/../../../../arm-none-eabi/lib/thumb/v7e-m/fpv4-sp/hard\libc_nano.a(lib_a-errno.o)
                0x000000000800a574                __errno
 .text.__libc_init_array
                0x000000000800a580       0x48 c:/st/stm32cubeide_1.4.2/stm32cubeide/plugins/com.st.stm32cube.ide.mcu.externaltools.gnu-tools-for-stm32.7-2018-q2-update.win32_1.4.0.202007081208/tools/bin/../lib/gcc/arm-none-eabi/7.3.1/../../../../arm-none-eabi/lib/thumb/v7e-m/fpv4-sp/hard\libc_nano.a(lib_a-init.o)
                0x000000000800a580                __libc_init_array
 .text.memcpy   0x000000000800a5c8       0x16 c:/st/stm32cubeide_1.4.2/stm32cubeide/plugins/com.st.stm32cube.ide.mcu.externaltools.gnu-tools-for-stm32.7-2018-q2-update.win32_1.4.0.202007081208/tools/bin/../lib/gcc/arm-none-eabi/7.3.1/../../../../arm-none-eabi/lib/thumb/v7e-m/fpv4-sp/hard\libc_nano.a(lib_a-memcpy-stub.o)
                0x000000000800a5c8                memcpy
 .text.memset   0x000000000800a5de       0x10 c:/st/stm32cubeide_1.4.2/stm32cubeide/plugins/com.st.stm32cube.ide.mcu.externaltools.gnu-tools-for-stm32.7-2018-q2-update.win32_1.4.0.202007081208/tools/bin/../lib/gcc/arm-none-eabi/7.3.1/../../../../arm-none-eabi/lib/thumb/v7e-m/fpv4-sp/hard\libc_nano.a(lib_a-memset.o)
                0x000000000800a5de                memset
 *fill*         0x000000000800a5ee        0x2 
 .text._puts_r  0x000000000800a5f0       0xb8 c:/st/stm32cubeide_1.4.2/stm32cubeide/plugins/com.st.stm32cube.ide.mcu.externaltools.gnu-tools-for-stm32.7-2018-q2-update.win32_1.4.0.202007081208/tools/bin/../lib/gcc/arm-none-eabi/7.3.1/../../../../arm-none-eabi/lib/thumb/v7e-m/fpv4-sp/hard\libc_nano.a(lib_a-puts.o)
                0x000000000800a5f0                _puts_r
 .text.puts     0x000000000800a6a8       0x10 c:/st/stm32cubeide_1.4.2/stm32cubeide/plugins/com.st.stm32cube.ide.mcu.externaltools.gnu-tools-for-stm32.7-2018-q2-update.win32_1.4.0.202007081208/tools/bin/../lib/gcc/arm-none-eabi/7.3.1/../../../../arm-none-eabi/lib/thumb/v7e-m/fpv4-sp/hard\libc_nano.a(lib_a-puts.o)
                0x000000000800a6a8                puts
 .text.snprintf
                0x000000000800a6b8       0x68 c:/st/stm32cubeide_1.4.2/stm32cubeide/plugins/com.st.stm32cube.ide.mcu.externaltools.gnu-tools-for-stm32.7-2018-q2-update.win32_1.4.0.202007081208/tools/bin/../lib/gcc/arm-none-eabi/7.3.1/../../../../arm-none-eabi/lib/thumb/v7e-m/fpv4-sp/hard\libc_nano.a(lib_a-snprintf.o)
                0x000000000800a6b8                sniprintf
                0x000000000800a6b8                snprintf
 .text.strcpy   0x000000000800a720       0x10 c:/st/stm32cubeide_1.4.2/stm32cubeide/plugins/com.st.stm32cube.ide.mcu.externaltools.gnu-tools-for-stm32.7-2018-q2-update.win32_1.4.0.202007081208/tools/bin/../lib/gcc/arm-none-eabi/7.3.1/../../../../arm-none-eabi/lib/thumb/v7e-m/fpv4-sp/hard\libc_nano.a(lib_a-strcpy.o)
                0x000000000800a720                strcpy
 .text.__swbuf_r
                0x000000000800a730       0xa4 c:/st/stm32cubeide_1.4.2/stm32cubeide/plugins/com.st.stm32cube.ide.mcu.externaltools.gnu-tools-for-stm32.7-2018-q2-update.win32_1.4.0.202007081208/tools/bin/../lib/gcc/arm-none-eabi/7.3.1/../../../../arm-none-eabi/lib/thumb/v7e-m/fpv4-sp/hard\libc_nano.a(lib_a-wbuf.o)
                0x000000000800a730                __swbuf_r
 .text.__swsetup_r
                0x000000000800a7d4       0xdc c:/st/stm32cubeide_1.4.2/stm32cubeide/plugins/com.st.stm32cube.ide.mcu.externaltools.gnu-tools-for-stm32.7-2018-q2-update.win32_1.4.0.202007081208/tools/bin/../lib/gcc/arm-none-eabi/7.3.1/../../../../arm-none-eabi/lib/thumb/v7e-m/fpv4-sp/hard\libc_nano.a(lib_a-wsetup.o)
                0x000000000800a7d4                __swsetup_r
 .text.__sflush_r
                0x000000000800a8b0      0x10c c:/st/stm32cubeide_1.4.2/stm32cubeide/plugins/com.st.stm32cube.ide.mcu.externaltools.gnu-tools-for-stm32.7-2018-q2-update.win32_1.4.0.202007081208/tools/bin/../lib/gcc/arm-none-eabi/7.3.1/../../../../arm-none-eabi/lib/thumb/v7e-m/fpv4-sp/hard\libc_nano.a(lib_a-fflush.o)
                0x000000000800a8b0                __sflush_r
 .text._fflush_r
                0x000000000800a9bc       0x54 c:/st/stm32cubeide_1.4.2/stm32cubeide/plugins/com.st.stm32cube.ide.mcu.externaltools.gnu-tools-for-stm32.7-2018-q2-update.win32_1.4.0.202007081208/tools/bin/../lib/gcc/arm-none-eabi/7.3.1/../../../../arm-none-eabi/lib/thumb/v7e-m/fpv4-sp/hard\libc_nano.a(lib_a-fflush.o)
                0x000000000800a9bc                _fflush_r
 .text.std      0x000000000800aa10       0x48 c:/st/stm32cubeide_1.4.2/stm32cubeide/plugins/com.st.stm32cube.ide.mcu.externaltools.gnu-tools-for-stm32.7-2018-q2-update.win32_1.4.0.202007081208/tools/bin/../lib/gcc/arm-none-eabi/7.3.1/../../../../arm-none-eabi/lib/thumb/v7e-m/fpv4-sp/hard\libc_nano.a(lib_a-findfp.o)
 .text._cleanup_r
                0x000000000800aa58        0xc c:/st/stm32cubeide_1.4.2/stm32cubeide/plugins/com.st.stm32cube.ide.mcu.externaltools.gnu-tools-for-stm32.7-2018-q2-update.win32_1.4.0.202007081208/tools/bin/../lib/gcc/arm-none-eabi/7.3.1/../../../../arm-none-eabi/lib/thumb/v7e-m/fpv4-sp/hard\libc_nano.a(lib_a-findfp.o)
                0x000000000800aa58                _cleanup_r
 .text.__sfmoreglue
                0x000000000800aa64       0x2c c:/st/stm32cubeide_1.4.2/stm32cubeide/plugins/com.st.stm32cube.ide.mcu.externaltools.gnu-tools-for-stm32.7-2018-q2-update.win32_1.4.0.202007081208/tools/bin/../lib/gcc/arm-none-eabi/7.3.1/../../../../arm-none-eabi/lib/thumb/v7e-m/fpv4-sp/hard\libc_nano.a(lib_a-findfp.o)
                0x000000000800aa64                __sfmoreglue
 .text.__sinit  0x000000000800aa90       0x60 c:/st/stm32cubeide_1.4.2/stm32cubeide/plugins/com.st.stm32cube.ide.mcu.externaltools.gnu-tools-for-stm32.7-2018-q2-update.win32_1.4.0.202007081208/tools/bin/../lib/gcc/arm-none-eabi/7.3.1/../../../../arm-none-eabi/lib/thumb/v7e-m/fpv4-sp/hard\libc_nano.a(lib_a-findfp.o)
                0x000000000800aa90                __sinit
 .text.__sfp    0x000000000800aaf0       0x78 c:/st/stm32cubeide_1.4.2/stm32cubeide/plugins/com.st.stm32cube.ide.mcu.externaltools.gnu-tools-for-stm32.7-2018-q2-update.win32_1.4.0.202007081208/tools/bin/../lib/gcc/arm-none-eabi/7.3.1/../../../../arm-none-eabi/lib/thumb/v7e-m/fpv4-sp/hard\libc_nano.a(lib_a-findfp.o)
                0x000000000800aaf0                __sfp
 .text._fwalk_reent
                0x000000000800ab68       0x3c c:/st/stm32cubeide_1.4.2/stm32cubeide/plugins/com.st.stm32cube.ide.mcu.externaltools.gnu-tools-for-stm32.7-2018-q2-update.win32_1.4.0.202007081208/tools/bin/../lib/gcc/arm-none-eabi/7.3.1/../../../../arm-none-eabi/lib/thumb/v7e-m/fpv4-sp/hard\libc_nano.a(lib_a-fwalk.o)
                0x000000000800ab68                _fwalk_reent
 .text.__swhatbuf_r
                0x000000000800aba4       0x48 c:/st/stm32cubeide_1.4.2/stm32cubeide/plugins/com.st.stm32cube.ide.mcu.externaltools.gnu-tools-for-stm32.7-2018-q2-update.win32_1.4.0.202007081208/tools/bin/../lib/gcc/arm-none-eabi/7.3.1/../../../../arm-none-eabi/lib/thumb/v7e-m/fpv4-sp/hard\libc_nano.a(lib_a-makebuf.o)
                0x000000000800aba4                __swhatbuf_r
 .text.__smakebuf_r
                0x000000000800abec       0x80 c:/st/stm32cubeide_1.4.2/stm32cubeide/plugins/com.st.stm32cube.ide.mcu.externaltools.gnu-tools-for-stm32.7-2018-q2-update.win32_1.4.0.202007081208/tools/bin/../lib/gcc/arm-none-eabi/7.3.1/../../../../arm-none-eabi/lib/thumb/v7e-m/fpv4-sp/hard\libc_nano.a(lib_a-makebuf.o)
                0x000000000800abec                __smakebuf_r
 .text._free_r  0x000000000800ac6c       0x9c c:/st/stm32cubeide_1.4.2/stm32cubeide/plugins/com.st.stm32cube.ide.mcu.externaltools.gnu-tools-for-stm32.7-2018-q2-update.win32_1.4.0.202007081208/tools/bin/../lib/gcc/arm-none-eabi/7.3.1/../../../../arm-none-eabi/lib/thumb/v7e-m/fpv4-sp/hard\libc_nano.a(lib_a-nano-freer.o)
                0x000000000800ac6c                _free_r
 .text._malloc_r
                0x000000000800ad08       0xb4 c:/st/stm32cubeide_1.4.2/stm32cubeide/plugins/com.st.stm32cube.ide.mcu.externaltools.gnu-tools-for-stm32.7-2018-q2-update.win32_1.4.0.202007081208/tools/bin/../lib/gcc/arm-none-eabi/7.3.1/../../../../arm-none-eabi/lib/thumb/v7e-m/fpv4-sp/hard\libc_nano.a(lib_a-nano-mallocr.o)
                0x000000000800ad08                _malloc_r
 .text.__ssputs_r
                0x000000000800adbc       0xb4 c:/st/stm32cubeide_1.4.2/stm32cubeide/plugins/com.st.stm32cube.ide.mcu.externaltools.gnu-tools-for-stm32.7-2018-q2-update.win32_1.4.0.202007081208/tools/bin/../lib/gcc/arm-none-eabi/7.3.1/../../../../arm-none-eabi/lib/thumb/v7e-m/fpv4-sp/hard\libc_nano.a(lib_a-nano-svfprintf.o)
                0x000000000800adbc                __ssputs_r
 .text._svfprintf_r
                0x000000000800ae70      0x1f0 c:/st/stm32cubeide_1.4.2/stm32cubeide/plugins/com.st.stm32cube.ide.mcu.externaltools.gnu-tools-for-stm32.7-2018-q2-update.win32_1.4.0.202007081208/tools/bin/../lib/gcc/arm-none-eabi/7.3.1/../../../../arm-none-eabi/lib/thumb/v7e-m/fpv4-sp/hard\libc_nano.a(lib_a-nano-svfprintf.o)
                0x000000000800ae70                _svfiprintf_r
                0x000000000800ae70                _svfprintf_r
 .text._printf_common
                0x000000000800b060       0xea c:/st/stm32cubeide_1.4.2/stm32cubeide/plugins/com.st.stm32cube.ide.mcu.externaltools.gnu-tools-for-stm32.7-2018-q2-update.win32_1.4.0.202007081208/tools/bin/../lib/gcc/arm-none-eabi/7.3.1/../../../../arm-none-eabi/lib/thumb/v7e-m/fpv4-sp/hard\libc_nano.a(lib_a-nano-vfprintf_i.o)
                0x000000000800b060                _printf_common
 *fill*         0x000000000800b14a        0x2 
 .text._printf_i
                0x000000000800b14c      0x224 c:/st/stm32cubeide_1.4.2/stm32cubeide/plugins/com.st.stm32cube.ide.mcu.externaltools.gnu-tools-for-stm32.7-2018-q2-update.win32_1.4.0.202007081208/tools/bin/../lib/gcc/arm-none-eabi/7.3.1/../../../../arm-none-eabi/lib/thumb/v7e-m/fpv4-sp/hard\libc_nano.a(lib_a-nano-vfprintf_i.o)
                0x000000000800b14c                _printf_i
 .text._sbrk_r  0x000000000800b370       0x20 c:/st/stm32cubeide_1.4.2/stm32cubeide/plugins/com.st.stm32cube.ide.mcu.externaltools.gnu-tools-for-stm32.7-2018-q2-update.win32_1.4.0.202007081208/tools/bin/../lib/gcc/arm-none-eabi/7.3.1/../../../../arm-none-eabi/lib/thumb/v7e-m/fpv4-sp/hard\libc_nano.a(lib_a-sbrkr.o)
                0x000000000800b370                _sbrk_r
 .text.__sread  0x000000000800b390       0x22 c:/st/stm32cubeide_1.4.2/stm32cubeide/plugins/com.st.stm32cube.ide.mcu.externaltools.gnu-tools-for-stm32.7-2018-q2-update.win32_1.4.0.202007081208/tools/bin/../lib/gcc/arm-none-eabi/7.3.1/../../../../arm-none-eabi/lib/thumb/v7e-m/fpv4-sp/hard\libc_nano.a(lib_a-stdio.o)
                0x000000000800b390                __sread
 .text.__swrite
                0x000000000800b3b2       0x38 c:/st/stm32cubeide_1.4.2/stm32cubeide/plugins/com.st.stm32cube.ide.mcu.externaltools.gnu-tools-for-stm32.7-2018-q2-update.win32_1.4.0.202007081208/tools/bin/../lib/gcc/arm-none-eabi/7.3.1/../../../../arm-none-eabi/lib/thumb/v7e-m/fpv4-sp/hard\libc_nano.a(lib_a-stdio.o)
                0x000000000800b3b2                __swrite
 .text.__sseek  0x000000000800b3ea       0x24 c:/st/stm32cubeide_1.4.2/stm32cubeide/plugins/com.st.stm32cube.ide.mcu.externaltools.gnu-tools-for-stm32.7-2018-q2-update.win32_1.4.0.202007081208/tools/bin/../lib/gcc/arm-none-eabi/7.3.1/../../../../arm-none-eabi/lib/thumb/v7e-m/fpv4-sp/hard\libc_nano.a(lib_a-stdio.o)
                0x000000000800b3ea                __sseek
 .text.__sclose
                0x000000000800b40e        0x8 c:/st/stm32cubeide_1.4.2/stm32cubeide/plugins/com.st.stm32cube.ide.mcu.externaltools.gnu-tools-for-stm32.7-2018-q2-update.win32_1.4.0.202007081208/tools/bin/../lib/gcc/arm-none-eabi/7.3.1/../../../../arm-none-eabi/lib/thumb/v7e-m/fpv4-sp/hard\libc_nano.a(lib_a-stdio.o)
                0x000000000800b40e                __sclose
 *fill*         0x000000000800b416        0x2 
 .text._write_r
                0x000000000800b418       0x24 c:/st/stm32cubeide_1.4.2/stm32cubeide/plugins/com.st.stm32cube.ide.mcu.externaltools.gnu-tools-for-stm32.7-2018-q2-update.win32_1.4.0.202007081208/tools/bin/../lib/gcc/arm-none-eabi/7.3.1/../../../../arm-none-eabi/lib/thumb/v7e-m/fpv4-sp/hard\libc_nano.a(lib_a-writer.o)
                0x000000000800b418                _write_r
 .text._close_r
                0x000000000800b43c       0x20 c:/st/stm32cubeide_1.4.2/stm32cubeide/plugins/com.st.stm32cube.ide.mcu.externaltools.gnu-tools-for-stm32.7-2018-q2-update.win32_1.4.0.202007081208/tools/bin/../lib/gcc/arm-none-eabi/7.3.1/../../../../arm-none-eabi/lib/thumb/v7e-m/fpv4-sp/hard\libc_nano.a(lib_a-closer.o)
                0x000000000800b43c                _close_r
 .text._fstat_r
                0x000000000800b45c       0x24 c:/st/stm32cubeide_1.4.2/stm32cubeide/plugins/com.st.stm32cube.ide.mcu.externaltools.gnu-tools-for-stm32.7-2018-q2-update.win32_1.4.0.202007081208/tools/bin/../lib/gcc/arm-none-eabi/7.3.1/../../../../arm-none-eabi/lib/thumb/v7e-m/fpv4-sp/hard\libc_nano.a(lib_a-fstatr.o)
                0x000000000800b45c                _fstat_r
 .text._isatty_r
                0x000000000800b480       0x20 c:/st/stm32cubeide_1.4.2/stm32cubeide/plugins/com.st.stm32cube.ide.mcu.externaltools.gnu-tools-for-stm32.7-2018-q2-update.win32_1.4.0.202007081208/tools/bin/../lib/gcc/arm-none-eabi/7.3.1/../../../../arm-none-eabi/lib/thumb/v7e-m/fpv4-sp/hard\libc_nano.a(lib_a-isattyr.o)
                0x000000000800b480                _isatty_r
 .text._lseek_r
                0x000000000800b4a0       0x24 c:/st/stm32cubeide_1.4.2/stm32cubeide/plugins/com.st.stm32cube.ide.mcu.externaltools.gnu-tools-for-stm32.7-2018-q2-update.win32_1.4.0.202007081208/tools/bin/../lib/gcc/arm-none-eabi/7.3.1/../../../../arm-none-eabi/lib/thumb/v7e-m/fpv4-sp/hard\libc_nano.a(lib_a-lseekr.o)
                0x000000000800b4a0                _lseek_r
 .text.memmove  0x000000000800b4c4       0x32 c:/st/stm32cubeide_1.4.2/stm32cubeide/plugins/com.st.stm32cube.ide.mcu.externaltools.gnu-tools-for-stm32.7-2018-q2-update.win32_1.4.0.202007081208/tools/bin/../lib/gcc/arm-none-eabi/7.3.1/../../../../arm-none-eabi/lib/thumb/v7e-m/fpv4-sp/hard\libc_nano.a(lib_a-memmove.o)
                0x000000000800b4c4                memmove
 .text.__malloc_lock
                0x000000000800b4f6        0x2 c:/st/stm32cubeide_1.4.2/stm32cubeide/plugins/com.st.stm32cube.ide.mcu.externaltools.gnu-tools-for-stm32.7-2018-q2-update.win32_1.4.0.202007081208/tools/bin/../lib/gcc/arm-none-eabi/7.3.1/../../../../arm-none-eabi/lib/thumb/v7e-m/fpv4-sp/hard\libc_nano.a(lib_a-mlock.o)
                0x000000000800b4f6                __malloc_lock
 .text.__malloc_unlock
                0x000000000800b4f8        0x2 c:/st/stm32cubeide_1.4.2/stm32cubeide/plugins/com.st.stm32cube.ide.mcu.externaltools.gnu-tools-for-stm32.7-2018-q2-update.win32_1.4.0.202007081208/tools/bin/../lib/gcc/arm-none-eabi/7.3.1/../../../../arm-none-eabi/lib/thumb/v7e-m/fpv4-sp/hard\libc_nano.a(lib_a-mlock.o)
                0x000000000800b4f8                __malloc_unlock
 .text._realloc_r
                0x000000000800b4fa       0x4c c:/st/stm32cubeide_1.4.2/stm32cubeide/plugins/com.st.stm32cube.ide.mcu.externaltools.gnu-tools-for-stm32.7-2018-q2-update.win32_1.4.0.202007081208/tools/bin/../lib/gcc/arm-none-eabi/7.3.1/../../../../arm-none-eabi/lib/thumb/v7e-m/fpv4-sp/hard\libc_nano.a(lib_a-nano-reallocr.o)
                0x000000000800b4fa                _realloc_r
 *fill*         0x000000000800b546        0x2 
 .text._read_r  0x000000000800b548       0x24 c:/st/stm32cubeide_1.4.2/stm32cubeide/plugins/com.st.stm32cube.ide.mcu.externaltools.gnu-tools-for-stm32.7-2018-q2-update.win32_1.4.0.202007081208/tools/bin/../lib/gcc/arm-none-eabi/7.3.1/../../../../arm-none-eabi/lib/thumb/v7e-m/fpv4-sp/hard\libc_nano.a(lib_a-readr.o)
                0x000000000800b548                _read_r
 .text._malloc_usable_size_r
                0x000000000800b56c       0x10 c:/st/stm32cubeide_1.4.2/stm32cubeide/plugins/com.st.stm32cube.ide.mcu.externaltools.gnu-tools-for-stm32.7-2018-q2-update.win32_1.4.0.202007081208/tools/bin/../lib/gcc/arm-none-eabi/7.3.1/../../../../arm-none-eabi/lib/thumb/v7e-m/fpv4-sp/hard\libc_nano.a(lib_a-nano-msizer.o)
                0x000000000800b56c                _malloc_usable_size_r
 .text.trunc    0x000000000800b57c       0x74 c:/st/stm32cubeide_1.4.2/stm32cubeide/plugins/com.st.stm32cube.ide.mcu.externaltools.gnu-tools-for-stm32.7-2018-q2-update.win32_1.4.0.202007081208/tools/bin/../lib/gcc/arm-none-eabi/7.3.1/../../../../arm-none-eabi/lib/thumb/v7e-m/fpv4-sp/hard\libm.a(lib_a-s_trunc.o)
                0x000000000800b57c                trunc
 *(.glue_7)
 .glue_7        0x000000000800b5f0        0x0 linker stubs
 *(.glue_7t)
 .glue_7t       0x000000000800b5f0        0x0 linker stubs
 *(.eh_frame)
 .eh_frame      0x000000000800b5f0        0x0 c:/st/stm32cubeide_1.4.2/stm32cubeide/plugins/com.st.stm32cube.ide.mcu.externaltools.gnu-tools-for-stm32.7-2018-q2-update.win32_1.4.0.202007081208/tools/bin/../lib/gcc/arm-none-eabi/7.3.1/thumb/v7e-m/fpv4-sp/hard/crtbegin.o
 *(.init)
 .init          0x000000000800b5f0        0x4 c:/st/stm32cubeide_1.4.2/stm32cubeide/plugins/com.st.stm32cube.ide.mcu.externaltools.gnu-tools-for-stm32.7-2018-q2-update.win32_1.4.0.202007081208/tools/bin/../lib/gcc/arm-none-eabi/7.3.1/thumb/v7e-m/fpv4-sp/hard/crti.o
                0x000000000800b5f0                _init
 .init          0x000000000800b5f4        0x8 c:/st/stm32cubeide_1.4.2/stm32cubeide/plugins/com.st.stm32cube.ide.mcu.externaltools.gnu-tools-for-stm32.7-2018-q2-update.win32_1.4.0.202007081208/tools/bin/../lib/gcc/arm-none-eabi/7.3.1/thumb/v7e-m/fpv4-sp/hard/crtn.o
 *(.fini)
 .fini          0x000000000800b5fc        0x4 c:/st/stm32cubeide_1.4.2/stm32cubeide/plugins/com.st.stm32cube.ide.mcu.externaltools.gnu-tools-for-stm32.7-2018-q2-update.win32_1.4.0.202007081208/tools/bin/../lib/gcc/arm-none-eabi/7.3.1/thumb/v7e-m/fpv4-sp/hard/crti.o
                0x000000000800b5fc                _fini
 .fini          0x000000000800b600        0x8 c:/st/stm32cubeide_1.4.2/stm32cubeide/plugins/com.st.stm32cube.ide.mcu.externaltools.gnu-tools-for-stm32.7-2018-q2-update.win32_1.4.0.202007081208/tools/bin/../lib/gcc/arm-none-eabi/7.3.1/thumb/v7e-m/fpv4-sp/hard/crtn.o
                0x000000000800b608                . = ALIGN (0x4)
                0x000000000800b608                _etext = .

.vfp11_veneer   0x000000000800b608        0x0
 .vfp11_veneer  0x000000000800b608        0x0 linker stubs

.v4_bx          0x000000000800b608        0x0
 .v4_bx         0x000000000800b608        0x0 linker stubs

.iplt           0x000000000800b608        0x0
 .iplt          0x000000000800b608        0x0 c:/st/stm32cubeide_1.4.2/stm32cubeide/plugins/com.st.stm32cube.ide.mcu.externaltools.gnu-tools-for-stm32.7-2018-q2-update.win32_1.4.0.202007081208/tools/bin/../lib/gcc/arm-none-eabi/7.3.1/thumb/v7e-m/fpv4-sp/hard/crtbegin.o

.rodata         0x000000000800b608      0x744
                0x000000000800b608                . = ALIGN (0x4)
 *(.rodata)
 .rodata        0x000000000800b608       0x31 Core/Src/main.o
 *fill*         0x000000000800b639        0x3 
 .rodata        0x000000000800b63c      0x18b Drivers/BSP/B-L475E-IOT01/vl53l0x_proximity.o
 *fill*         0x000000000800b7c7        0x1 
 .rodata        0x000000000800b7c8      0x4a2 Drivers/BSP/Components/vl53l0x/vl53l0x_api_strings.o
 *(.rodata*)
 *fill*         0x000000000800bc6a        0x2 
 .rodata.AHBPrescTable
                0x000000000800bc6c       0x10 Core/Src/system_stm32l4xx.o
                0x000000000800bc6c                AHBPrescTable
 .rodata.APBPrescTable
                0x000000000800bc7c        0x8 Core/Src/system_stm32l4xx.o
                0x000000000800bc7c                APBPrescTable
 .rodata.MSIRangeTable
                0x000000000800bc84       0x30 Core/Src/system_stm32l4xx.o
                0x000000000800bc84                MSIRangeTable
 .rodata._global_impure_ptr
                0x000000000800bcb4        0x4 c:/st/stm32cubeide_1.4.2/stm32cubeide/plugins/com.st.stm32cube.ide.mcu.externaltools.gnu-tools-for-stm32.7-2018-q2-update.win32_1.4.0.202007081208/tools/bin/../lib/gcc/arm-none-eabi/7.3.1/../../../../arm-none-eabi/lib/thumb/v7e-m/fpv4-sp/hard\libc_nano.a(lib_a-impure.o)
                0x000000000800bcb4                _global_impure_ptr
 .rodata.__sf_fake_stderr
                0x000000000800bcb8       0x20 c:/st/stm32cubeide_1.4.2/stm32cubeide/plugins/com.st.stm32cube.ide.mcu.externaltools.gnu-tools-for-stm32.7-2018-q2-update.win32_1.4.0.202007081208/tools/bin/../lib/gcc/arm-none-eabi/7.3.1/../../../../arm-none-eabi/lib/thumb/v7e-m/fpv4-sp/hard\libc_nano.a(lib_a-findfp.o)
                0x000000000800bcb8                __sf_fake_stderr
 .rodata.__sf_fake_stdin
                0x000000000800bcd8       0x20 c:/st/stm32cubeide_1.4.2/stm32cubeide/plugins/com.st.stm32cube.ide.mcu.externaltools.gnu-tools-for-stm32.7-2018-q2-update.win32_1.4.0.202007081208/tools/bin/../lib/gcc/arm-none-eabi/7.3.1/../../../../arm-none-eabi/lib/thumb/v7e-m/fpv4-sp/hard\libc_nano.a(lib_a-findfp.o)
                0x000000000800bcd8                __sf_fake_stdin
 .rodata.__sf_fake_stdout
                0x000000000800bcf8       0x20 c:/st/stm32cubeide_1.4.2/stm32cubeide/plugins/com.st.stm32cube.ide.mcu.externaltools.gnu-tools-for-stm32.7-2018-q2-update.win32_1.4.0.202007081208/tools/bin/../lib/gcc/arm-none-eabi/7.3.1/../../../../arm-none-eabi/lib/thumb/v7e-m/fpv4-sp/hard\libc_nano.a(lib_a-findfp.o)
                0x000000000800bcf8                __sf_fake_stdout
 .rodata._svfprintf_r.str1.1
                0x000000000800bd18       0x11 c:/st/stm32cubeide_1.4.2/stm32cubeide/plugins/com.st.stm32cube.ide.mcu.externaltools.gnu-tools-for-stm32.7-2018-q2-update.win32_1.4.0.202007081208/tools/bin/../lib/gcc/arm-none-eabi/7.3.1/../../../../arm-none-eabi/lib/thumb/v7e-m/fpv4-sp/hard\libc_nano.a(lib_a-nano-svfprintf.o)
 .rodata._printf_i.str1.1
                0x000000000800bd29       0x22 c:/st/stm32cubeide_1.4.2/stm32cubeide/plugins/com.st.stm32cube.ide.mcu.externaltools.gnu-tools-for-stm32.7-2018-q2-update.win32_1.4.0.202007081208/tools/bin/../lib/gcc/arm-none-eabi/7.3.1/../../../../arm-none-eabi/lib/thumb/v7e-m/fpv4-sp/hard\libc_nano.a(lib_a-nano-vfprintf_i.o)
                0x000000000800bd4c                . = ALIGN (0x4)
 *fill*         0x000000000800bd4b        0x1 

.ARM.extab      0x000000000800bd4c        0x0
                0x000000000800bd4c                . = ALIGN (0x4)
 *(.ARM.extab* .gnu.linkonce.armextab.*)
                0x000000000800bd4c                . = ALIGN (0x4)

.ARM            0x000000000800bd4c        0x8
                0x000000000800bd4c                . = ALIGN (0x4)
                0x000000000800bd4c                __exidx_start = .
 *(.ARM.exidx*)
 .ARM.exidx     0x000000000800bd4c        0x8 c:/st/stm32cubeide_1.4.2/stm32cubeide/plugins/com.st.stm32cube.ide.mcu.externaltools.gnu-tools-for-stm32.7-2018-q2-update.win32_1.4.0.202007081208/tools/bin/../lib/gcc/arm-none-eabi/7.3.1/thumb/v7e-m/fpv4-sp/hard\libgcc.a(_udivmoddi4.o)
                0x000000000800bd54                __exidx_end = .
                0x000000000800bd54                . = ALIGN (0x4)

.rel.dyn        0x000000000800bd54        0x0
 .rel.iplt      0x000000000800bd54        0x0 c:/st/stm32cubeide_1.4.2/stm32cubeide/plugins/com.st.stm32cube.ide.mcu.externaltools.gnu-tools-for-stm32.7-2018-q2-update.win32_1.4.0.202007081208/tools/bin/../lib/gcc/arm-none-eabi/7.3.1/thumb/v7e-m/fpv4-sp/hard/crtbegin.o

.preinit_array  0x000000000800bd54        0x0
                0x000000000800bd54                . = ALIGN (0x4)
                0x000000000800bd54                PROVIDE (__preinit_array_start = .)
 *(.preinit_array*)
                0x000000000800bd54                PROVIDE (__preinit_array_end = .)
                0x000000000800bd54                . = ALIGN (0x4)

.init_array     0x000000000800bd54        0x4
                0x000000000800bd54                . = ALIGN (0x4)
                0x000000000800bd54                PROVIDE (__init_array_start = .)
 *(SORT_BY_NAME(.init_array.*))
 *(.init_array*)
 .init_array    0x000000000800bd54        0x4 c:/st/stm32cubeide_1.4.2/stm32cubeide/plugins/com.st.stm32cube.ide.mcu.externaltools.gnu-tools-for-stm32.7-2018-q2-update.win32_1.4.0.202007081208/tools/bin/../lib/gcc/arm-none-eabi/7.3.1/thumb/v7e-m/fpv4-sp/hard/crtbegin.o
                0x000000000800bd58                PROVIDE (__init_array_end = .)
                0x000000000800bd58                . = ALIGN (0x4)

.fini_array     0x000000000800bd58        0x4
                0x000000000800bd58                . = ALIGN (0x4)
                [!provide]                        PROVIDE (__fini_array_start = .)
 *(SORT_BY_NAME(.fini_array.*))
 *(.fini_array*)
 .fini_array    0x000000000800bd58        0x4 c:/st/stm32cubeide_1.4.2/stm32cubeide/plugins/com.st.stm32cube.ide.mcu.externaltools.gnu-tools-for-stm32.7-2018-q2-update.win32_1.4.0.202007081208/tools/bin/../lib/gcc/arm-none-eabi/7.3.1/thumb/v7e-m/fpv4-sp/hard/crtbegin.o
                [!provide]                        PROVIDE (__fini_array_end = .)
                0x000000000800bd5c                . = ALIGN (0x4)
                0x000000000800bd5c                _sidata = LOADADDR (.data)

.data           0x0000000020000000      0x4f8 load address 0x000000000800bd5c
                0x0000000020000000                . = ALIGN (0x4)
                0x0000000020000000                _sdata = .
 *(.data)
 *(.data*)
 .data.SystemCoreClock
                0x0000000020000000        0x4 Core/Src/system_stm32l4xx.o
                0x0000000020000000                SystemCoreClock
 .data.Dev      0x0000000020000004      0x188 Drivers/BSP/B-L475E-IOT01/vl53l0x_proximity.o
                0x0000000020000004                Dev
 .data.HTS221_T_Drv
                0x000000002000018c       0x10 Drivers/BSP/Components/hts221/hts221.o
                0x000000002000018c                HTS221_T_Drv
 .data.Lis3mdlMagDrv
                0x000000002000019c       0x34 Drivers/BSP/Components/lis3mdl/lis3mdl.o
                0x000000002000019c                Lis3mdlMagDrv
 .data.DefaultTuningSettings
                0x00000000200001d0       0xf3 Drivers/BSP/Components/vl53l0x/vl53l0x_api.o
                0x00000000200001d0                DefaultTuningSettings
 *fill*         0x00000000200002c3        0x1 
 .data.InterruptThresholdSettings
                0x00000000200002c4      0x1b6 Drivers/BSP/Components/vl53l0x/vl53l0x_api.o
                0x00000000200002c4                InterruptThresholdSettings
 *fill*         0x000000002000047a        0x2 
 .data.refArrayQuadrants
                0x000000002000047c       0x10 Drivers/BSP/Components/vl53l0x/vl53l0x_api_calibration.o
                0x000000002000047c                refArrayQuadrants
 .data.uwTickPrio
                0x000000002000048c        0x4 Drivers/STM32L4xx_HAL_Driver/Src/stm32l4xx_hal.o
                0x000000002000048c                uwTickPrio
 .data.uwTickFreq
                0x0000000020000490        0x1 Drivers/STM32L4xx_HAL_Driver/Src/stm32l4xx_hal.o
                0x0000000020000490                uwTickFreq
 *fill*         0x0000000020000491        0x3 
 .data._impure_ptr
                0x0000000020000494        0x4 c:/st/stm32cubeide_1.4.2/stm32cubeide/plugins/com.st.stm32cube.ide.mcu.externaltools.gnu-tools-for-stm32.7-2018-q2-update.win32_1.4.0.202007081208/tools/bin/../lib/gcc/arm-none-eabi/7.3.1/../../../../arm-none-eabi/lib/thumb/v7e-m/fpv4-sp/hard\libc_nano.a(lib_a-impure.o)
                0x0000000020000494                _impure_ptr
 .data.impure_data
                0x0000000020000498       0x60 c:/st/stm32cubeide_1.4.2/stm32cubeide/plugins/com.st.stm32cube.ide.mcu.externaltools.gnu-tools-for-stm32.7-2018-q2-update.win32_1.4.0.202007081208/tools/bin/../lib/gcc/arm-none-eabi/7.3.1/../../../../arm-none-eabi/lib/thumb/v7e-m/fpv4-sp/hard\libc_nano.a(lib_a-impure.o)
                0x00000000200004f8                . = ALIGN (0x4)
                0x00000000200004f8                _edata = .

.igot.plt       0x00000000200004f8        0x0 load address 0x000000000800c254
 .igot.plt      0x00000000200004f8        0x0 c:/st/stm32cubeide_1.4.2/stm32cubeide/plugins/com.st.stm32cube.ide.mcu.externaltools.gnu-tools-for-stm32.7-2018-q2-update.win32_1.4.0.202007081208/tools/bin/../lib/gcc/arm-none-eabi/7.3.1/thumb/v7e-m/fpv4-sp/hard/crtbegin.o
                0x00000000200004f8                . = ALIGN (0x4)

.bss            0x00000000200004f8      0x250 load address 0x000000000800c254
                0x00000000200004f8                _sbss = .
                0x00000000200004f8                __bss_start__ = _sbss
 *(.bss)
 .bss           0x00000000200004f8       0x1c c:/st/stm32cubeide_1.4.2/stm32cubeide/plugins/com.st.stm32cube.ide.mcu.externaltools.gnu-tools-for-stm32.7-2018-q2-update.win32_1.4.0.202007081208/tools/bin/../lib/gcc/arm-none-eabi/7.3.1/thumb/v7e-m/fpv4-sp/hard/crtbegin.o
 *(.bss*)
 .bss.temp_value
                0x0000000020000514        0x1 Core/Src/main.o
                0x0000000020000514                temp_value
 .bss.proximity_value
                0x0000000020000515        0x1 Core/Src/main.o
                0x0000000020000515                proximity_value
 *fill*         0x0000000020000516        0x2 
 .bss.__sbrk_heap_end
                0x0000000020000518        0x4 Core/Src/sysmem.o
 .bss.MagnetoDrv
                0x000000002000051c        0x4 Drivers/BSP/B-L475E-IOT01/stm32l475e_iot01_magneto.o
 .bss.tsensor_drv
                0x0000000020000520        0x4 Drivers/BSP/B-L475E-IOT01/stm32l475e_iot01_tsensor.o
 .bss.__malloc_free_list
                0x0000000020000524        0x4 c:/st/stm32cubeide_1.4.2/stm32cubeide/plugins/com.st.stm32cube.ide.mcu.externaltools.gnu-tools-for-stm32.7-2018-q2-update.win32_1.4.0.202007081208/tools/bin/../lib/gcc/arm-none-eabi/7.3.1/../../../../arm-none-eabi/lib/thumb/v7e-m/fpv4-sp/hard\libc_nano.a(lib_a-nano-mallocr.o)
                0x0000000020000524                __malloc_free_list
 .bss.__malloc_sbrk_start
                0x0000000020000528        0x4 c:/st/stm32cubeide_1.4.2/stm32cubeide/plugins/com.st.stm32cube.ide.mcu.externaltools.gnu-tools-for-stm32.7-2018-q2-update.win32_1.4.0.202007081208/tools/bin/../lib/gcc/arm-none-eabi/7.3.1/../../../../arm-none-eabi/lib/thumb/v7e-m/fpv4-sp/hard\libc_nano.a(lib_a-nano-mallocr.o)
                0x0000000020000528                __malloc_sbrk_start
 *(COMMON)
 COMMON         0x000000002000052c      0x107 Core/Src/main.o
                0x000000002000052c                huart1
                0x00000000200005ac                huart4
                0x000000002000062c                magneto_value
                0x0000000020000632                Reset_value
 *fill*         0x0000000020000633        0x1 
 COMMON         0x0000000020000634       0xcc Drivers/BSP/B-L475E-IOT01/stm32l475e_iot01.o
                0x0000000020000634                hDiscoUart
                0x00000000200006b4                hI2cHandler
 COMMON         0x0000000020000700       0x40 Drivers/BSP/Components/vl53l0x/vl53l0x_tof.o
                0x0000000020000700                _I2CBuffer
 COMMON         0x0000000020000740        0x4 Drivers/STM32L4xx_HAL_Driver/Src/stm32l4xx_hal.o
                0x0000000020000740                uwTick
 COMMON         0x0000000020000744        0x4 c:/st/stm32cubeide_1.4.2/stm32cubeide/plugins/com.st.stm32cube.ide.mcu.externaltools.gnu-tools-for-stm32.7-2018-q2-update.win32_1.4.0.202007081208/tools/bin/../lib/gcc/arm-none-eabi/7.3.1/../../../../arm-none-eabi/lib/thumb/v7e-m/fpv4-sp/hard\libc_nano.a(lib_a-reent.o)
                0x0000000020000744                errno
                0x0000000020000748                . = ALIGN (0x4)
                0x0000000020000748                _ebss = .
                0x0000000020000748                __bss_end__ = _ebss

._user_heap_stack
                0x0000000020000748      0x600 load address 0x000000000800c254
                0x0000000020000748                . = ALIGN (0x8)
                [!provide]                        PROVIDE (end = .)
                0x0000000020000748                PROVIDE (_end = .)
                0x0000000020000948                . = (. + _Min_Heap_Size)
 *fill*         0x0000000020000748      0x200 
                0x0000000020000d48                . = (. + _Min_Stack_Size)
 *fill*         0x0000000020000948      0x400 
                0x0000000020000d48                . = ALIGN (0x8)

/DISCARD/
 libc.a(*)
 libm.a(*)
 libgcc.a(*)

.ARM.attributes
                0x0000000000000000       0x30
 *(.ARM.attributes)
 .ARM.attributes
                0x0000000000000000       0x22 c:/st/stm32cubeide_1.4.2/stm32cubeide/plugins/com.st.stm32cube.ide.mcu.externaltools.gnu-tools-for-stm32.7-2018-q2-update.win32_1.4.0.202007081208/tools/bin/../lib/gcc/arm-none-eabi/7.3.1/thumb/v7e-m/fpv4-sp/hard/crti.o
 .ARM.attributes
                0x0000000000000022       0x34 c:/st/stm32cubeide_1.4.2/stm32cubeide/plugins/com.st.stm32cube.ide.mcu.externaltools.gnu-tools-for-stm32.7-2018-q2-update.win32_1.4.0.202007081208/tools/bin/../lib/gcc/arm-none-eabi/7.3.1/thumb/v7e-m/fpv4-sp/hard/crtbegin.o
 .ARM.attributes
                0x0000000000000056       0x39 Core/Src/main.o
 .ARM.attributes
                0x000000000000008f       0x39 Core/Src/stm32l4xx_hal_msp.o
 .ARM.attributes
                0x00000000000000c8       0x39 Core/Src/stm32l4xx_it.o
 .ARM.attributes
                0x0000000000000101       0x39 Core/Src/syscalls.o
 .ARM.attributes
                0x000000000000013a       0x39 Core/Src/sysmem.o
 .ARM.attributes
                0x0000000000000173       0x39 Core/Src/system_stm32l4xx.o
 .ARM.attributes
                0x00000000000001ac       0x21 Core/Startup/startup_stm32l475vgtx.o
 .ARM.attributes
                0x00000000000001cd       0x39 Drivers/BSP/B-L475E-IOT01/stm32l475e_iot01.o
 .ARM.attributes
                0x0000000000000206       0x39 Drivers/BSP/B-L475E-IOT01/stm32l475e_iot01_magneto.o
 .ARM.attributes
                0x000000000000023f       0x39 Drivers/BSP/B-L475E-IOT01/stm32l475e_iot01_tsensor.o
 .ARM.attributes
                0x0000000000000278       0x39 Drivers/BSP/B-L475E-IOT01/vl53l0x_proximity.o
 .ARM.attributes
                0x00000000000002b1       0x39 Drivers/BSP/Components/hts221/hts221.o
 .ARM.attributes
                0x00000000000002ea       0x39 Drivers/BSP/Components/lis3mdl/lis3mdl.o
 .ARM.attributes
                0x0000000000000323       0x39 Drivers/BSP/Components/vl53l0x/vl53l0x_api.o
 .ARM.attributes
                0x000000000000035c       0x39 Drivers/BSP/Components/vl53l0x/vl53l0x_api_calibration.o
 .ARM.attributes
                0x0000000000000395       0x39 Drivers/BSP/Components/vl53l0x/vl53l0x_api_core.o
 .ARM.attributes
                0x00000000000003ce       0x39 Drivers/BSP/Components/vl53l0x/vl53l0x_api_strings.o
 .ARM.attributes
                0x0000000000000407       0x39 Drivers/BSP/Components/vl53l0x/vl53l0x_tof.o
 .ARM.attributes
                0x0000000000000440       0x39 Drivers/STM32L4xx_HAL_Driver/Src/stm32l4xx_hal.o
 .ARM.attributes
                0x0000000000000479       0x39 Drivers/STM32L4xx_HAL_Driver/Src/stm32l4xx_hal_cortex.o
 .ARM.attributes
                0x00000000000004b2       0x39 Drivers/STM32L4xx_HAL_Driver/Src/stm32l4xx_hal_gpio.o
 .ARM.attributes
                0x00000000000004eb       0x39 Drivers/STM32L4xx_HAL_Driver/Src/stm32l4xx_hal_i2c.o
 .ARM.attributes
                0x0000000000000524       0x39 Drivers/STM32L4xx_HAL_Driver/Src/stm32l4xx_hal_i2c_ex.o
 .ARM.attributes
                0x000000000000055d       0x39 Drivers/STM32L4xx_HAL_Driver/Src/stm32l4xx_hal_pwr.o
 .ARM.attributes
                0x0000000000000596       0x39 Drivers/STM32L4xx_HAL_Driver/Src/stm32l4xx_hal_pwr_ex.o
 .ARM.attributes
                0x00000000000005cf       0x39 Drivers/STM32L4xx_HAL_Driver/Src/stm32l4xx_hal_rcc.o
 .ARM.attributes
                0x0000000000000608       0x39 Drivers/STM32L4xx_HAL_Driver/Src/stm32l4xx_hal_rcc_ex.o
 .ARM.attributes
                0x0000000000000641       0x39 Drivers/STM32L4xx_HAL_Driver/Src/stm32l4xx_hal_uart.o
 .ARM.attributes
                0x000000000000067a       0x34 c:/st/stm32cubeide_1.4.2/stm32cubeide/plugins/com.st.stm32cube.ide.mcu.externaltools.gnu-tools-for-stm32.7-2018-q2-update.win32_1.4.0.202007081208/tools/bin/../lib/gcc/arm-none-eabi/7.3.1/../../../../arm-none-eabi/lib/thumb/v7e-m/fpv4-sp/hard\libc_nano.a(lib_a-errno.o)
 .ARM.attributes
                0x00000000000006ae       0x34 c:/st/stm32cubeide_1.4.2/stm32cubeide/plugins/com.st.stm32cube.ide.mcu.externaltools.gnu-tools-for-stm32.7-2018-q2-update.win32_1.4.0.202007081208/tools/bin/../lib/gcc/arm-none-eabi/7.3.1/../../../../arm-none-eabi/lib/thumb/v7e-m/fpv4-sp/hard\libc_nano.a(lib_a-impure.o)
 .ARM.attributes
                0x00000000000006e2       0x34 c:/st/stm32cubeide_1.4.2/stm32cubeide/plugins/com.st.stm32cube.ide.mcu.externaltools.gnu-tools-for-stm32.7-2018-q2-update.win32_1.4.0.202007081208/tools/bin/../lib/gcc/arm-none-eabi/7.3.1/../../../../arm-none-eabi/lib/thumb/v7e-m/fpv4-sp/hard\libc_nano.a(lib_a-init.o)
 .ARM.attributes
                0x0000000000000716       0x34 c:/st/stm32cubeide_1.4.2/stm32cubeide/plugins/com.st.stm32cube.ide.mcu.externaltools.gnu-tools-for-stm32.7-2018-q2-update.win32_1.4.0.202007081208/tools/bin/../lib/gcc/arm-none-eabi/7.3.1/../../../../arm-none-eabi/lib/thumb/v7e-m/fpv4-sp/hard\libc_nano.a(lib_a-memcpy-stub.o)
 .ARM.attributes
                0x000000000000074a       0x34 c:/st/stm32cubeide_1.4.2/stm32cubeide/plugins/com.st.stm32cube.ide.mcu.externaltools.gnu-tools-for-stm32.7-2018-q2-update.win32_1.4.0.202007081208/tools/bin/../lib/gcc/arm-none-eabi/7.3.1/../../../../arm-none-eabi/lib/thumb/v7e-m/fpv4-sp/hard\libc_nano.a(lib_a-memset.o)
 .ARM.attributes
                0x000000000000077e       0x34 c:/st/stm32cubeide_1.4.2/stm32cubeide/plugins/com.st.stm32cube.ide.mcu.externaltools.gnu-tools-for-stm32.7-2018-q2-update.win32_1.4.0.202007081208/tools/bin/../lib/gcc/arm-none-eabi/7.3.1/../../../../arm-none-eabi/lib/thumb/v7e-m/fpv4-sp/hard\libc_nano.a(lib_a-puts.o)
 .ARM.attributes
                0x00000000000007b2       0x34 c:/st/stm32cubeide_1.4.2/stm32cubeide/plugins/com.st.stm32cube.ide.mcu.externaltools.gnu-tools-for-stm32.7-2018-q2-update.win32_1.4.0.202007081208/tools/bin/../lib/gcc/arm-none-eabi/7.3.1/../../../../arm-none-eabi/lib/thumb/v7e-m/fpv4-sp/hard\libc_nano.a(lib_a-snprintf.o)
 .ARM.attributes
                0x00000000000007e6       0x34 c:/st/stm32cubeide_1.4.2/stm32cubeide/plugins/com.st.stm32cube.ide.mcu.externaltools.gnu-tools-for-stm32.7-2018-q2-update.win32_1.4.0.202007081208/tools/bin/../lib/gcc/arm-none-eabi/7.3.1/../../../../arm-none-eabi/lib/thumb/v7e-m/fpv4-sp/hard\libc_nano.a(lib_a-strcpy.o)
 .ARM.attributes
                0x000000000000081a       0x34 c:/st/stm32cubeide_1.4.2/stm32cubeide/plugins/com.st.stm32cube.ide.mcu.externaltools.gnu-tools-for-stm32.7-2018-q2-update.win32_1.4.0.202007081208/tools/bin/../lib/gcc/arm-none-eabi/7.3.1/../../../../arm-none-eabi/lib/thumb/v7e-m/fpv4-sp/hard\libc_nano.a(lib_a-wbuf.o)
 .ARM.attributes
                0x000000000000084e       0x34 c:/st/stm32cubeide_1.4.2/stm32cubeide/plugins/com.st.stm32cube.ide.mcu.externaltools.gnu-tools-for-stm32.7-2018-q2-update.win32_1.4.0.202007081208/tools/bin/../lib/gcc/arm-none-eabi/7.3.1/../../../../arm-none-eabi/lib/thumb/v7e-m/fpv4-sp/hard\libc_nano.a(lib_a-wsetup.o)
 .ARM.attributes
                0x0000000000000882       0x34 c:/st/stm32cubeide_1.4.2/stm32cubeide/plugins/com.st.stm32cube.ide.mcu.externaltools.gnu-tools-for-stm32.7-2018-q2-update.win32_1.4.0.202007081208/tools/bin/../lib/gcc/arm-none-eabi/7.3.1/../../../../arm-none-eabi/lib/thumb/v7e-m/fpv4-sp/hard\libc_nano.a(lib_a-fflush.o)
 .ARM.attributes
                0x00000000000008b6       0x34 c:/st/stm32cubeide_1.4.2/stm32cubeide/plugins/com.st.stm32cube.ide.mcu.externaltools.gnu-tools-for-stm32.7-2018-q2-update.win32_1.4.0.202007081208/tools/bin/../lib/gcc/arm-none-eabi/7.3.1/../../../../arm-none-eabi/lib/thumb/v7e-m/fpv4-sp/hard\libc_nano.a(lib_a-findfp.o)
 .ARM.attributes
                0x00000000000008ea       0x34 c:/st/stm32cubeide_1.4.2/stm32cubeide/plugins/com.st.stm32cube.ide.mcu.externaltools.gnu-tools-for-stm32.7-2018-q2-update.win32_1.4.0.202007081208/tools/bin/../lib/gcc/arm-none-eabi/7.3.1/../../../../arm-none-eabi/lib/thumb/v7e-m/fpv4-sp/hard\libc_nano.a(lib_a-fwalk.o)
 .ARM.attributes
                0x000000000000091e       0x34 c:/st/stm32cubeide_1.4.2/stm32cubeide/plugins/com.st.stm32cube.ide.mcu.externaltools.gnu-tools-for-stm32.7-2018-q2-update.win32_1.4.0.202007081208/tools/bin/../lib/gcc/arm-none-eabi/7.3.1/../../../../arm-none-eabi/lib/thumb/v7e-m/fpv4-sp/hard\libc_nano.a(lib_a-makebuf.o)
 .ARM.attributes
                0x0000000000000952       0x34 c:/st/stm32cubeide_1.4.2/stm32cubeide/plugins/com.st.stm32cube.ide.mcu.externaltools.gnu-tools-for-stm32.7-2018-q2-update.win32_1.4.0.202007081208/tools/bin/../lib/gcc/arm-none-eabi/7.3.1/../../../../arm-none-eabi/lib/thumb/v7e-m/fpv4-sp/hard\libc_nano.a(lib_a-nano-freer.o)
 .ARM.attributes
                0x0000000000000986       0x34 c:/st/stm32cubeide_1.4.2/stm32cubeide/plugins/com.st.stm32cube.ide.mcu.externaltools.gnu-tools-for-stm32.7-2018-q2-update.win32_1.4.0.202007081208/tools/bin/../lib/gcc/arm-none-eabi/7.3.1/../../../../arm-none-eabi/lib/thumb/v7e-m/fpv4-sp/hard\libc_nano.a(lib_a-nano-mallocr.o)
 .ARM.attributes